Using config file : %!f(string=config.txt)
 Using skeleton file : %!f(string=skel/arms.txt)
 Cleaned Element : %!f(string=;X 5;Y 7; blue)
   Found existing color/alias : %!f(string= blue)
   Checking this color : %!f(string=blue)
   Built test string   : %!f(string= blue)
   Adding this color to temp tree: [%!f(string=; blue;R 0;G 0;B 255;T 255)]
-   Count: %!f(int=1)
-   Elapsed : %!f(int=1)
   Found existing color/alias : %!f(string= blue)
   Checking this color : %!f(string=blue)
   Built test string   : %!f(string= blue)
   Adding this color to temp tree: [%!f(string=; blue;R 0;G 0;B 255;T 255)]
-   Count: %!f(int=1)
-   Elapsed : %!f(int=1)
  Creating point : %!f(string=;X 5;Y 7; blue)
 Cleaned Element : %!f(string=;X 6;Y 7; blue)
   Found existing color/alias : %!f(string= blue)
   Checking this color : %!f(string=blue)
   Built test string   : %!f(string= blue)
   Adding this color to temp tree: [%!f(string=; blue;R 0;G 0;B 255;T 255)]
-   Count: %!f(int=1)
-   Elapsed : %!f(int=1)
   Found existing color/alias : %!f(string= blue)
   Checking this color : %!f(string=blue)
   Built test string   : %!f(string= blue)
   Adding this color to temp tree: [%!f(string=; blue;R 0;G 0;B 255;T 255)]
-   Count: %!f(int=1)
-   Elapsed : %!f(int=1)
  Creating point : %!f(string=;X 6;Y 7; blue)
 Cleaned Element : %!f(string=;X 7;Y 7; blue)
   Found existing color/alias : %!f(string= blue)
   Checking this color : %!f(string=blue)
   Built test string   : %!f(string= blue)
   Adding this color to temp tree: [%!f(string=; blue;R 0;G 0;B 255;T 255)]
-   Count: %!f(int=1)
-   Elapsed : %!f(int=1)
   Found existing color/alias : %!f(string= blue)
   Checking this color : %!f(string=blue)
   Built test string   : %!f(string= blue)
   Adding this color to temp tree: [%!f(string=; blue;R 0;G 0;B 255;T 255)]
-   Count: %!f(int=1)
-   Elapsed : %!f(int=1)
  Creating point : %!f(string=;X 7;Y 7; blue)
 Cleaned Element : %!f(string=;X 8;Y 7; blue)
   Found existing color/alias : %!f(string= blue)
   Checking this color : %!f(string=blue)
   Built test string   : %!f(string= blue)
   Adding this color to temp tree: [%!f(string=; blue;R 0;G 0;B 255;T 255)]
-   Count: %!f(int=1)
-   Elapsed : %!f(int=1)
   Found existing color/alias : %!f(string= blue)
   Checking this color : %!f(string=blue)
   Built test string   : %!f(string= blue)
   Adding this color to temp tree: [%!f(string=; blue;R 0;G 0;B 255;T 255)]
-   Count: %!f(int=1)
-   Elapsed : %!f(int=1)
  Creating point : %!f(string=;X 8;Y 7; blue)
 Cleaned Element : %!f(string=;X 5;Y 8; blue)
   Found existing color/alias : %!f(string= blue)
   Checking this color : %!f(string=blue)
   Built test string   : %!f(string= blue)
   Adding this color to temp tree: [%!f(string=; blue;R 0;G 0;B 255;T 255)]
-   Count: %!f(int=1)
-   Elapsed : %!f(int=1)
   Found existing color/alias : %!f(string= blue)
   Checking this color : %!f(string=blue)
   Built test string   : %!f(string= blue)
   Adding this color to temp tree: [%!f(string=; blue;R 0;G 0;B 255;T 255)]
-   Count: %!f(int=1)
-   Elapsed : %!f(int=1)
  Creating point : %!f(string=;X 5;Y 8; blue)
 Cleaned Element : %!f(string=;X 6;Y 8; blue)
   Found existing color/alias : %!f(string= blue)
   Checking this color : %!f(string=blue)
   Built test string   : %!f(string= blue)
   Adding this color to temp tree: [%!f(string=; blue;R 0;G 0;B 255;T 255)]
-   Count: %!f(int=1)
-   Elapsed : %!f(int=1)
   Found existing color/alias : %!f(string= blue)
   Checking this color : %!f(string=blue)
   Built test string   : %!f(string= blue)
   Adding this color to temp tree: [%!f(string=; blue;R 0;G 0;B 255;T 255)]
-   Count: %!f(int=1)
-   Elapsed : %!f(int=1)
  Creating point : %!f(string=;X 6;Y 8; blue)
 Cleaned Element : %!f(string=;X 7;Y 8; blue)
   Found existing color/alias : %!f(string= blue)
   Checking this color : %!f(string=blue)
   Built test string   : %!f(string= blue)
   Adding this color to temp tree: [%!f(string=; blue;R 0;G 0;B 255;T 255)]
-   Count: %!f(int=1)
-   Elapsed : %!f(int=1)
   Found existing color/alias : %!f(string= blue)
   Checking this color : %!f(string=blue)
   Built test string   : %!f(string= blue)
   Adding this color to temp tree: [%!f(string=; blue;R 0;G 0;B 255;T 255)]
-   Count: %!f(int=1)
-   Elapsed : %!f(int=1)
  Creating point : %!f(string=;X 7;Y 8; blue)
 Cleaned Element : %!f(string=;X 8;Y 8; blue)
   Found existing color/alias : %!f(string= blue)
   Checking this color : %!f(string=blue)
   Built test string   : %!f(string= blue)
   Adding this color to temp tree: [%!f(string=; blue;R 0;G 0;B 255;T 255)]
-   Count: %!f(int=1)
-   Elapsed : %!f(int=1)
   Found existing color/alias : %!f(string= blue)
   Checking this color : %!f(string=blue)
   Built test string   : %!f(string= blue)
   Adding this color to temp tree: [%!f(string=; blue;R 0;G 0;B 255;T 255)]
-   Count: %!f(int=1)
-   Elapsed : %!f(int=1)
  Creating point : %!f(string=;X 8;Y 8; blue)
 Cleaned Element : %!f(string=;X 5;Y 9; blue)
   Found existing color/alias : %!f(string= blue)
   Checking this color : %!f(string=blue)
   Built test string   : %!f(string= blue)
   Adding this color to temp tree: [%!f(string=; blue;R 0;G 0;B 255;T 255)]
-   Count: %!f(int=1)
-   Elapsed : %!f(int=1)
   Found existing color/alias : %!f(string= blue)
   Checking this color : %!f(string=blue)
   Built test string   : %!f(string= blue)
   Adding this color to temp tree: [%!f(string=; blue;R 0;G 0;B 255;T 255)]
-   Count: %!f(int=1)
-   Elapsed : %!f(int=1)
  Creating point : %!f(string=;X 5;Y 9; blue)
 Cleaned Element : %!f(string=;X 6;Y 9; blue)
   Found existing color/alias : %!f(string= blue)
   Checking this color : %!f(string=blue)
   Built test string   : %!f(string= blue)
   Adding this color to temp tree: [%!f(string=; blue;R 0;G 0;B 255;T 255)]
-   Count: %!f(int=1)
-   Elapsed : %!f(int=1)
   Found existing color/alias : %!f(string= blue)
   Checking this color : %!f(string=blue)
   Built test string   : %!f(string= blue)
   Adding this color to temp tree: [%!f(string=; blue;R 0;G 0;B 255;T 255)]
-   Count: %!f(int=1)
-   Elapsed : %!f(int=1)
  Creating point : %!f(string=;X 6;Y 9; blue)
 Cleaned Element : %!f(string=;X 7;Y 9; blue)
   Found existing color/alias : %!f(string= blue)
   Checking this color : %!f(string=blue)
   Built test string   : %!f(string= blue)
   Adding this color to temp tree: [%!f(string=; blue;R 0;G 0;B 255;T 255)]
-   Count: %!f(int=1)
-   Elapsed : %!f(int=1)
   Found existing color/alias : %!f(string= blue)
   Checking this color : %!f(string=blue)
   Built test string   : %!f(string= blue)
   Adding this color to temp tree: [%!f(string=; blue;R 0;G 0;B 255;T 255)]
-   Count: %!f(int=1)
-   Elapsed : %!f(int=1)
  Creating point : %!f(string=;X 7;Y 9; blue)
 Cleaned Element : %!f(string=;X 8;Y 9; blue)
   Found existing color/alias : %!f(string= blue)
   Checking this color : %!f(string=blue)
   Built test string   : %!f(string= blue)
   Adding this color to temp tree: [%!f(string=; blue;R 0;G 0;B 255;T 255)]
-   Count: %!f(int=1)
-   Elapsed : %!f(int=1)
   Found existing color/alias : %!f(string= blue)
   Checking this color : %!f(string=blue)
   Built test string   : %!f(string= blue)
   Adding this color to temp tree: [%!f(string=; blue;R 0;G 0;B 255;T 255)]
-   Count: %!f(int=1)
-   Elapsed : %!f(int=1)
  Creating point : %!f(string=;X 8;Y 9; blue)
 Cleaned Element : %!f(string=;X 5;Y 10; blue)
   Found existing color/alias : %!f(string= blue)
   Checking this color : %!f(string=blue)
   Built test string   : %!f(string= blue)
   Adding this color to temp tree: [%!f(string=; blue;R 0;G 0;B 255;T 255)]
-   Count: %!f(int=1)
-   Elapsed : %!f(int=1)
   Found existing color/alias : %!f(string= blue)
   Checking this color : %!f(string=blue)
   Built test string   : %!f(string= blue)
   Adding this color to temp tree: [%!f(string=; blue;R 0;G 0;B 255;T 255)]
-   Count: %!f(int=1)
-   Elapsed : %!f(int=1)
  Creating point : %!f(string=;X 5;Y 10; blue)
 Cleaned Element : %!f(string=;X 6;Y 10; blue)
   Found existing color/alias : %!f(string= blue)
   Checking this color : %!f(string=blue)
   Built test string   : %!f(string= blue)
   Adding this color to temp tree: [%!f(string=; blue;R 0;G 0;B 255;T 255)]
-   Count: %!f(int=1)
-   Elapsed : %!f(int=1)
   Found existing color/alias : %!f(string= blue)
   Checking this color : %!f(string=blue)
   Built test string   : %!f(string= blue)
   Adding this color to temp tree: [%!f(string=; blue;R 0;G 0;B 255;T 255)]
-   Count: %!f(int=1)
-   Elapsed : %!f(int=1)
  Creating point : %!f(string=;X 6;Y 10; blue)
 Cleaned Element : %!f(string=;X 7;Y 10; blue)
   Found existing color/alias : %!f(string= blue)
   Checking this color : %!f(string=blue)
   Built test string   : %!f(string= blue)
   Adding this color to temp tree: [%!f(string=; blue;R 0;G 0;B 255;T 255)]
-   Count: %!f(int=1)
-   Elapsed : %!f(int=1)
   Found existing color/alias : %!f(string= blue)
   Checking this color : %!f(string=blue)
   Built test string   : %!f(string= blue)
   Adding this color to temp tree: [%!f(string=; blue;R 0;G 0;B 255;T 255)]
-   Count: %!f(int=1)
-   Elapsed : %!f(int=1)
  Creating point : %!f(string=;X 7;Y 10; blue)
 Cleaned Element : %!f(string=;X 8;Y 10; blue)
   Found existing color/alias : %!f(string= blue)
   Checking this color : %!f(string=blue)
   Built test string   : %!f(string= blue)
   Adding this color to temp tree: [%!f(string=; blue;R 0;G 0;B 255;T 255)]
-   Count: %!f(int=1)
-   Elapsed : %!f(int=1)
   Found existing color/alias : %!f(string= blue)
   Checking this color : %!f(string=blue)
   Built test string   : %!f(string= blue)
   Adding this color to temp tree: [%!f(string=; blue;R 0;G 0;B 255;T 255)]
-   Count: %!f(int=1)
-   Elapsed : %!f(int=1)
  Creating point : %!f(string=;X 8;Y 10; blue)
 Cleaned Element : %!f(string=;X 5;Y 11; blue)
   Found existing color/alias : %!f(string= blue)
   Checking this color : %!f(string=blue)
   Built test string   : %!f(string= blue)
   Adding this color to temp tree: [%!f(string=; blue;R 0;G 0;B 255;T 255)]
-   Count: %!f(int=1)
-   Elapsed : %!f(int=1)
   Found existing color/alias : %!f(string= blue)
   Checking this color : %!f(string=blue)
   Built test string   : %!f(string= blue)
   Adding this color to temp tree: [%!f(string=; blue;R 0;G 0;B 255;T 255)]
-   Count: %!f(int=1)
-   Elapsed : %!f(int=1)
  Creating point : %!f(string=;X 5;Y 11; blue)
 Cleaned Element : %!f(string=;X 6;Y 11; blue)
   Found existing color/alias : %!f(string= blue)
   Checking this color : %!f(string=blue)
   Built test string   : %!f(string= blue)
   Adding this color to temp tree: [%!f(string=; blue;R 0;G 0;B 255;T 255)]
-   Count: %!f(int=1)
-   Elapsed : %!f(int=1)
   Found existing color/alias : %!f(string= blue)
   Checking this color : %!f(string=blue)
   Built test string   : %!f(string= blue)
   Adding this color to temp tree: [%!f(string=; blue;R 0;G 0;B 255;T 255)]
-   Count: %!f(int=1)
-   Elapsed : %!f(int=1)
  Creating point : %!f(string=;X 6;Y 11; blue)
 Cleaned Element : %!f(string=;X 7;Y 11; blue)
   Found existing color/alias : %!f(string= blue)
   Checking this color : %!f(string=blue)
   Built test string   : %!f(string= blue)
   Adding this color to temp tree: [%!f(string=; blue;R 0;G 0;B 255;T 255)]
-   Count: %!f(int=1)
-   Elapsed : %!f(int=1)
   Found existing color/alias : %!f(string= blue)
   Checking this color : %!f(string=blue)
   Built test string   : %!f(string= blue)
   Adding this color to temp tree: [%!f(string=; blue;R 0;G 0;B 255;T 255)]
-   Count: %!f(int=1)
-   Elapsed : %!f(int=1)
  Creating point : %!f(string=;X 7;Y 11; blue)
 Cleaned Element : %!f(string=;X 8;Y 11; blue)
   Found existing color/alias : %!f(string= blue)
   Checking this color : %!f(string=blue)
   Built test string   : %!f(string= blue)
   Adding this color to temp tree: [%!f(string=; blue;R 0;G 0;B 255;T 255)]
-   Count: %!f(int=1)
-   Elapsed : %!f(int=1)
   Found existing color/alias : %!f(string= blue)
   Checking this color : %!f(string=blue)
   Built test string   : %!f(string= blue)
   Adding this color to temp tree: [%!f(string=; blue;R 0;G 0;B 255;T 255)]
-   Count: %!f(int=1)
-   Elapsed : %!f(int=1)
  Creating point : %!f(string=;X 8;Y 11; blue)
 Cleaned Element : %!f(string=;X 5;Y 12; red blue)
   Found existing color/alias : %!f(string= red)
   No known color/alias : %!f(string= red)
   Checking this color : %!f(string=blue)
   Built test string   : %!f(string= blue)
   Checking this color : %!f(string=red)
   Built test string   : %!f(string= red)
   Adding this color to temp tree: [%!f(string=; blue;R 0;G 0;B 255;T 255) %!f(string=; red;R 255;G 0;B 0;T 255)]
-   Count: %!f(int=1)
-   Elapsed : %!f(int=1)
   Found existing color/alias : %!f(string= red)
   No known color/alias : %!f(string= red)
   Checking this color : %!f(string=blue)
   Built test string   : %!f(string= blue)
   Checking this color : %!f(string=red)
   Built test string   : %!f(string= red)
   Adding this color to temp tree: [%!f(string=; blue;R 0;G 0;B 255;T 255) %!f(string=; red;R 255;G 0;B 0;T 255)]
-   Count: %!f(int=1)
-   Elapsed : %!f(int=1)
  Creating point : %!f(string=;X 5;Y 12; red blue)
 Cleaned Element : %!f(string=;X 6;Y 12; red blue)
   Found existing color/alias : %!f(string= red)
   No known color/alias : %!f(string= red)
   Checking this color : %!f(string=blue)
   Built test string   : %!f(string= blue)
   Checking this color : %!f(string=red)
   Built test string   : %!f(string= red)
   Adding this color to temp tree: [%!f(string=; blue;R 0;G 0;B 255;T 255) %!f(string=; red;R 255;G 0;B 0;T 255)]
-   Count: %!f(int=1)
-   Elapsed : %!f(int=1)
   Found existing color/alias : %!f(string= red)
   No known color/alias : %!f(string= red)
   Checking this color : %!f(string=blue)
   Built test string   : %!f(string= blue)
   Checking this color : %!f(string=red)
   Built test string   : %!f(string= red)
   Adding this color to temp tree: [%!f(string=; blue;R 0;G 0;B 255;T 255) %!f(string=; red;R 255;G 0;B 0;T 255)]
-   Count: %!f(int=1)
-   Elapsed : %!f(int=1)
  Creating point : %!f(string=;X 6;Y 12; red blue)
 Cleaned Element : %!f(string=;X 7;Y 12; red blue)
   Found existing color/alias : %!f(string= red)
   No known color/alias : %!f(string= red)
   Checking this color : %!f(string=blue)
   Built test string   : %!f(string= blue)
   Checking this color : %!f(string=red)
   Built test string   : %!f(string= red)
   Adding this color to temp tree: [%!f(string=; blue;R 0;G 0;B 255;T 255) %!f(string=; red;R 255;G 0;B 0;T 255)]
-   Count: %!f(int=1)
-   Elapsed : %!f(int=1)
   Found existing color/alias : %!f(string= red)
   No known color/alias : %!f(string= red)
   Checking this color : %!f(string=blue)
   Built test string   : %!f(string= blue)
   Checking this color : %!f(string=red)
   Built test string   : %!f(string= red)
   Adding this color to temp tree: [%!f(string=; blue;R 0;G 0;B 255;T 255) %!f(string=; red;R 255;G 0;B 0;T 255)]
-   Count: %!f(int=1)
-   Elapsed : %!f(int=1)
  Creating point : %!f(string=;X 7;Y 12; red blue)
 Cleaned Element : %!f(string=;X 8;Y 12; red blue)
   Found existing color/alias : %!f(string= red)
   No known color/alias : %!f(string= red)
   Checking this color : %!f(string=blue)
   Built test string   : %!f(string= blue)
   Checking this color : %!f(string=red)
   Built test string   : %!f(string= red)
   Adding this color to temp tree: [%!f(string=; blue;R 0;G 0;B 255;T 255) %!f(string=; red;R 255;G 0;B 0;T 255)]
-   Count: %!f(int=1)
-   Elapsed : %!f(int=1)
   Found existing color/alias : %!f(string= red)
   No known color/alias : %!f(string= red)
   Checking this color : %!f(string=blue)
   Built test string   : %!f(string= blue)
   Checking this color : %!f(string=red)
   Built test string   : %!f(string= red)
   Adding this color to temp tree: [%!f(string=; blue;R 0;G 0;B 255;T 255) %!f(string=; red;R 255;G 0;B 0;T 255)]
-   Count: %!f(int=1)
-   Elapsed : %!f(int=1)
  Creating point : %!f(string=;X 8;Y 12; red blue)
 Cleaned Element : %!f(string=;X 5;Y 13; red blue)
   Found existing color/alias : %!f(string= red)
   No known color/alias : %!f(string= red)
   Checking this color : %!f(string=blue)
   Built test string   : %!f(string= blue)
   Checking this color : %!f(string=red)
   Built test string   : %!f(string= red)
   Adding this color to temp tree: [%!f(string=; blue;R 0;G 0;B 255;T 255) %!f(string=; red;R 255;G 0;B 0;T 255)]
-   Count: %!f(int=1)
-   Elapsed : %!f(int=1)
   Found existing color/alias : %!f(string= red)
   No known color/alias : %!f(string= red)
   Checking this color : %!f(string=blue)
   Built test string   : %!f(string= blue)
   Checking this color : %!f(string=red)
   Built test string   : %!f(string= red)
   Adding this color to temp tree: [%!f(string=; blue;R 0;G 0;B 255;T 255) %!f(string=; red;R 255;G 0;B 0;T 255)]
-   Count: %!f(int=1)
-   Elapsed : %!f(int=1)
  Creating point : %!f(string=;X 5;Y 13; red blue)
 Cleaned Element : %!f(string=;X 6;Y 13; red blue)
   Found existing color/alias : %!f(string= red)
   No known color/alias : %!f(string= red)
   Checking this color : %!f(string=blue)
   Built test string   : %!f(string= blue)
   Checking this color : %!f(string=red)
   Built test string   : %!f(string= red)
   Adding this color to temp tree: [%!f(string=; blue;R 0;G 0;B 255;T 255) %!f(string=; red;R 255;G 0;B 0;T 255)]
-   Count: %!f(int=1)
-   Elapsed : %!f(int=1)
   Found existing color/alias : %!f(string= red)
   No known color/alias : %!f(string= red)
   Checking this color : %!f(string=blue)
   Built test string   : %!f(string= blue)
   Checking this color : %!f(string=red)
   Built test string   : %!f(string= red)
   Adding this color to temp tree: [%!f(string=; blue;R 0;G 0;B 255;T 255) %!f(string=; red;R 255;G 0;B 0;T 255)]
-   Count: %!f(int=1)
-   Elapsed : %!f(int=1)
  Creating point : %!f(string=;X 6;Y 13; red blue)
 Cleaned Element : %!f(string=;X 7;Y 13; red blue)
   Found existing color/alias : %!f(string= red)
   No known color/alias : %!f(string= red)
   Checking this color : %!f(string=blue)
   Built test string   : %!f(string= blue)
   Checking this color : %!f(string=red)
   Built test string   : %!f(string= red)
   Adding this color to temp tree: [%!f(string=; blue;R 0;G 0;B 255;T 255) %!f(string=; red;R 255;G 0;B 0;T 255)]
-   Count: %!f(int=1)
-   Elapsed : %!f(int=1)
   Found existing color/alias : %!f(string= red)
   No known color/alias : %!f(string= red)
   Checking this color : %!f(string=blue)
   Built test string   : %!f(string= blue)
   Checking this color : %!f(string=red)
   Built test string   : %!f(string= red)
   Adding this color to temp tree: [%!f(string=; blue;R 0;G 0;B 255;T 255) %!f(string=; red;R 255;G 0;B 0;T 255)]
-   Count: %!f(int=1)
-   Elapsed : %!f(int=1)
  Creating point : %!f(string=;X 7;Y 13; red blue)
 Cleaned Element : %!f(string=;X 8;Y 13; red blue)
   Found existing color/alias : %!f(string= red)
   No known color/alias : %!f(string= red)
   Checking this color : %!f(string=blue)
   Built test string   : %!f(string= blue)
   Checking this color : %!f(string=red)
   Built test string   : %!f(string= red)
   Adding this color to temp tree: [%!f(string=; blue;R 0;G 0;B 255;T 255) %!f(string=; red;R 255;G 0;B 0;T 255)]
-   Count: %!f(int=1)
-   Elapsed : %!f(int=1)
   Found existing color/alias : %!f(string= red)
   No known color/alias : %!f(string= red)
   Checking this color : %!f(string=blue)
   Built test string   : %!f(string= blue)
   Checking this color : %!f(string=red)
   Built test string   : %!f(string= red)
   Adding this color to temp tree: [%!f(string=; blue;R 0;G 0;B 255;T 255) %!f(string=; red;R 255;G 0;B 0;T 255)]
-   Count: %!f(int=1)
-   Elapsed : %!f(int=1)
  Creating point : %!f(string=;X 8;Y 13; red blue)
 Cleaned Element : %!f(string=;X 5;Y 14; blue)
   Found existing color/alias : %!f(string= blue)
   Checking this color : %!f(string=blue)
   Built test string   : %!f(string= blue)
   Adding this color to temp tree: [%!f(string=; blue;R 0;G 0;B 255;T 255)]
-   Count: %!f(int=1)
-   Elapsed : %!f(int=1)
   Found existing color/alias : %!f(string= blue)
   Checking this color : %!f(string=blue)
   Built test string   : %!f(string= blue)
   Adding this color to temp tree: [%!f(string=; blue;R 0;G 0;B 255;T 255)]
-   Count: %!f(int=1)
-   Elapsed : %!f(int=1)
  Creating point : %!f(string=;X 5;Y 14; blue)
 Cleaned Element : %!f(string=;X 6;Y 14; blue)
   Found existing color/alias : %!f(string= blue)
   Checking this color : %!f(string=blue)
   Built test string   : %!f(string= blue)
   Adding this color to temp tree: [%!f(string=; blue;R 0;G 0;B 255;T 255)]
-   Count: %!f(int=1)
-   Elapsed : %!f(int=1)
   Found existing color/alias : %!f(string= blue)
   Checking this color : %!f(string=blue)
   Built test string   : %!f(string= blue)
   Adding this color to temp tree: [%!f(string=; blue;R 0;G 0;B 255;T 255)]
-   Count: %!f(int=1)
-   Elapsed : %!f(int=1)
  Creating point : %!f(string=;X 6;Y 14; blue)
 Cleaned Element : %!f(string=;X 7;Y 14; blue)
   Found existing color/alias : %!f(string= blue)
   Checking this color : %!f(string=blue)
   Built test string   : %!f(string= blue)
   Adding this color to temp tree: [%!f(string=; blue;R 0;G 0;B 255;T 255)]
-   Count: %!f(int=1)
-   Elapsed : %!f(int=1)
   Found existing color/alias : %!f(string= blue)
   Checking this color : %!f(string=blue)
   Built test string   : %!f(string= blue)
   Adding this color to temp tree: [%!f(string=; blue;R 0;G 0;B 255;T 255)]
-   Count: %!f(int=1)
-   Elapsed : %!f(int=1)
  Creating point : %!f(string=;X 7;Y 14; blue)
 Cleaned Element : %!f(string=;X 8;Y 14; blue)
   Found existing color/alias : %!f(string= blue)
   Checking this color : %!f(string=blue)
   Built test string   : %!f(string= blue)
   Adding this color to temp tree: [%!f(string=; blue;R 0;G 0;B 255;T 255)]
-   Count: %!f(int=1)
-   Elapsed : %!f(int=1)
   Found existing color/alias : %!f(string= blue)
   Checking this color : %!f(string=blue)
   Built test string   : %!f(string= blue)
   Adding this color to temp tree: [%!f(string=; blue;R 0;G 0;B 255;T 255)]
-   Count: %!f(int=1)
-   Elapsed : %!f(int=1)
  Creating point : %!f(string=;X 8;Y 14; blue)
 Cleaned Element : %!f(string=;X 5;Y 15; blue)
   Found existing color/alias : %!f(string= blue)
   Checking this color : %!f(string=blue)
   Built test string   : %!f(string= blue)
   Adding this color to temp tree: [%!f(string=; blue;R 0;G 0;B 255;T 255)]
-   Count: %!f(int=1)
-   Elapsed : %!f(int=1)
   Found existing color/alias : %!f(string= blue)
   Checking this color : %!f(string=blue)
   Built test string   : %!f(string= blue)
   Adding this color to temp tree: [%!f(string=; blue;R 0;G 0;B 255;T 255)]
-   Count: %!f(int=1)
-   Elapsed : %!f(int=1)
  Creating point : %!f(string=;X 5;Y 15; blue)
 Cleaned Element : %!f(string=;X 6;Y 15; blue)
   Found existing color/alias : %!f(string= blue)
   Checking this color : %!f(string=blue)
   Built test string   : %!f(string= blue)
   Adding this color to temp tree: [%!f(string=; blue;R 0;G 0;B 255;T 255)]
-   Count: %!f(int=1)
-   Elapsed : %!f(int=1)
   Found existing color/alias : %!f(string= blue)
   Checking this color : %!f(string=blue)
   Built test string   : %!f(string= blue)
   Adding this color to temp tree: [%!f(string=; blue;R 0;G 0;B 255;T 255)]
-   Count: %!f(int=1)
-   Elapsed : %!f(int=1)
  Creating point : %!f(string=;X 6;Y 15; blue)
 Cleaned Element : %!f(string=;X 7;Y 15; blue)
   Found existing color/alias : %!f(string= blue)
   Checking this color : %!f(string=blue)
   Built test string   : %!f(string= blue)
   Adding this color to temp tree: [%!f(string=; blue;R 0;G 0;B 255;T 255)]
-   Count: %!f(int=1)
-   Elapsed : %!f(int=1)
   Found existing color/alias : %!f(string= blue)
   Checking this color : %!f(string=blue)
   Built test string   : %!f(string= blue)
   Adding this color to temp tree: [%!f(string=; blue;R 0;G 0;B 255;T 255)]
-   Count: %!f(int=1)
-   Elapsed : %!f(int=1)
  Creating point : %!f(string=;X 7;Y 15; blue)
 Cleaned Element : %!f(string=;X 8;Y 15; blue)
   Found existing color/alias : %!f(string= blue)
   Checking this color : %!f(string=blue)
   Built test string   : %!f(string= blue)
   Adding this color to temp tree: [%!f(string=; blue;R 0;G 0;B 255;T 255)]
-   Count: %!f(int=1)
-   Elapsed : %!f(int=1)
   Found existing color/alias : %!f(string= blue)
   Checking this color : %!f(string=blue)
   Built test string   : %!f(string= blue)
   Adding this color to temp tree: [%!f(string=; blue;R 0;G 0;B 255;T 255)]
-   Count: %!f(int=1)
-   Elapsed : %!f(int=1)
  Creating point : %!f(string=;X 8;Y 15; blue)
 Cleaned Element : %!f(string=;X 5;Y 16; blue)
   Found existing color/alias : %!f(string= blue)
   Checking this color : %!f(string=blue)
   Built test string   : %!f(string= blue)
   Adding this color to temp tree: [%!f(string=; blue;R 0;G 0;B 255;T 255)]
-   Count: %!f(int=1)
-   Elapsed : %!f(int=1)
   Found existing color/alias : %!f(string= blue)
   Checking this color : %!f(string=blue)
   Built test string   : %!f(string= blue)
   Adding this color to temp tree: [%!f(string=; blue;R 0;G 0;B 255;T 255)]
-   Count: %!f(int=1)
-   Elapsed : %!f(int=1)
  Creating point : %!f(string=;X 5;Y 16; blue)
 Cleaned Element : %!f(string=;X 6;Y 16; blue)
   Found existing color/alias : %!f(string= blue)
   Checking this color : %!f(string=blue)
   Built test string   : %!f(string= blue)
   Adding this color to temp tree: [%!f(string=; blue;R 0;G 0;B 255;T 255)]
-   Count: %!f(int=1)
-   Elapsed : %!f(int=1)
   Found existing color/alias : %!f(string= blue)
   Checking this color : %!f(string=blue)
   Built test string   : %!f(string= blue)
   Adding this color to temp tree: [%!f(string=; blue;R 0;G 0;B 255;T 255)]
-   Count: %!f(int=1)
-   Elapsed : %!f(int=1)
  Creating point : %!f(string=;X 6;Y 16; blue)
 Cleaned Element : %!f(string=;X 7;Y 16; blue)
   Found existing color/alias : %!f(string= blue)
   Checking this color : %!f(string=blue)
   Built test string   : %!f(string= blue)
   Adding this color to temp tree: [%!f(string=; blue;R 0;G 0;B 255;T 255)]
-   Count: %!f(int=1)
-   Elapsed : %!f(int=1)
   Found existing color/alias : %!f(string= blue)
   Checking this color : %!f(string=blue)
   Built test string   : %!f(string= blue)
   Adding this color to temp tree: [%!f(string=; blue;R 0;G 0;B 255;T 255)]
-   Count: %!f(int=1)
-   Elapsed : %!f(int=1)
  Creating point : %!f(string=;X 7;Y 16; blue)
 Cleaned Element : %!f(string=;X 8;Y 16; blue)
   Found existing color/alias : %!f(string= blue)
   Checking this color : %!f(string=blue)
   Built test string   : %!f(string= blue)
   Adding this color to temp tree: [%!f(string=; blue;R 0;G 0;B 255;T 255)]
-   Count: %!f(int=1)
-   Elapsed : %!f(int=1)
   Found existing color/alias : %!f(string= blue)
   Checking this color : %!f(string=blue)
   Built test string   : %!f(string= blue)
   Adding this color to temp tree: [%!f(string=; blue;R 0;G 0;B 255;T 255)]
-   Count: %!f(int=1)
-   Elapsed : %!f(int=1)
  Creating point : %!f(string=;X 8;Y 16; blue)
 Cleaned Element : %!f(string=;X 5;Y 17; blue)
   Found existing color/alias : %!f(string= blue)
   Checking this color : %!f(string=blue)
   Built test string   : %!f(string= blue)
   Adding this color to temp tree: [%!f(string=; blue;R 0;G 0;B 255;T 255)]
-   Count: %!f(int=1)
-   Elapsed : %!f(int=1)
   Found existing color/alias : %!f(string= blue)
   Checking this color : %!f(string=blue)
   Built test string   : %!f(string= blue)
   Adding this color to temp tree: [%!f(string=; blue;R 0;G 0;B 255;T 255)]
-   Count: %!f(int=1)
-   Elapsed : %!f(int=1)
  Creating point : %!f(string=;X 5;Y 17; blue)
 Cleaned Element : %!f(string=;X 6;Y 17; blue)
   Found existing color/alias : %!f(string= blue)
   Checking this color : %!f(string=blue)
   Built test string   : %!f(string= blue)
   Adding this color to temp tree: [%!f(string=; blue;R 0;G 0;B 255;T 255)]
-   Count: %!f(int=1)
-   Elapsed : %!f(int=1)
   Found existing color/alias : %!f(string= blue)
   Checking this color : %!f(string=blue)
   Built test string   : %!f(string= blue)
   Adding this color to temp tree: [%!f(string=; blue;R 0;G 0;B 255;T 255)]
-   Count: %!f(int=1)
-   Elapsed : %!f(int=1)
  Creating point : %!f(string=;X 6;Y 17; blue)
 Cleaned Element : %!f(string=;X 7;Y 17; blue)
   Found existing color/alias : %!f(string= blue)
   Checking this color : %!f(string=blue)
   Built test string   : %!f(string= blue)
   Adding this color to temp tree: [%!f(string=; blue;R 0;G 0;B 255;T 255)]
-   Count: %!f(int=1)
-   Elapsed : %!f(int=1)
   Found existing color/alias : %!f(string= blue)
   Checking this color : %!f(string=blue)
   Built test string   : %!f(string= blue)
   Adding this color to temp tree: [%!f(string=; blue;R 0;G 0;B 255;T 255)]
-   Count: %!f(int=1)
-   Elapsed : %!f(int=1)
  Creating point : %!f(string=;X 7;Y 17; blue)
 Cleaned Element : %!f(string=;X 8;Y 17; blue)
   Found existing color/alias : %!f(string= blue)
   Checking this color : %!f(string=blue)
   Built test string   : %!f(string= blue)
   Adding this color to temp tree: [%!f(string=; blue;R 0;G 0;B 255;T 255)]
-   Count: %!f(int=1)
-   Elapsed : %!f(int=1)
   Found existing color/alias : %!f(string= blue)
   Checking this color : %!f(string=blue)
   Built test string   : %!f(string= blue)
   Adding this color to temp tree: [%!f(string=; blue;R 0;G 0;B 255;T 255)]
-   Count: %!f(int=1)
-   Elapsed : %!f(int=1)
  Creating point : %!f(string=;X 8;Y 17; blue)
 Cleaned Element : %!f(string=;X 5;Y 18; blue)
   Found existing color/alias : %!f(string= blue)
   Checking this color : %!f(string=blue)
   Built test string   : %!f(string= blue)
   Adding this color to temp tree: [%!f(string=; blue;R 0;G 0;B 255;T 255)]
-   Count: %!f(int=1)
-   Elapsed : %!f(int=1)
   Found existing color/alias : %!f(string= blue)
   Checking this color : %!f(string=blue)
   Built test string   : %!f(string= blue)
   Adding this color to temp tree: [%!f(string=; blue;R 0;G 0;B 255;T 255)]
-   Count: %!f(int=1)
-   Elapsed : %!f(int=1)
  Creating point : %!f(string=;X 5;Y 18; blue)
 Cleaned Element : %!f(string=;X 6;Y 18; blue)
   Found existing color/alias : %!f(string= blue)
   Checking this color : %!f(string=blue)
   Built test string   : %!f(string= blue)
   Adding this color to temp tree: [%!f(string=; blue;R 0;G 0;B 255;T 255)]
-   Count: %!f(int=1)
-   Elapsed : %!f(int=1)
   Found existing color/alias : %!f(string= blue)
   Checking this color : %!f(string=blue)
   Built test string   : %!f(string= blue)
   Adding this color to temp tree: [%!f(string=; blue;R 0;G 0;B 255;T 255)]
-   Count: %!f(int=1)
-   Elapsed : %!f(int=1)
  Creating point : %!f(string=;X 6;Y 18; blue)
 Cleaned Element : %!f(string=;X 7;Y 18; blue)
   Found existing color/alias : %!f(string= blue)
   Checking this color : %!f(string=blue)
   Built test string   : %!f(string= blue)
   Adding this color to temp tree: [%!f(string=; blue;R 0;G 0;B 255;T 255)]
-   Count: %!f(int=1)
-   Elapsed : %!f(int=1)
   Found existing color/alias : %!f(string= blue)
   Checking this color : %!f(string=blue)
   Built test string   : %!f(string= blue)
   Adding this color to temp tree: [%!f(string=; blue;R 0;G 0;B 255;T 255)]
-   Count: %!f(int=1)
-   Elapsed : %!f(int=1)
  Creating point : %!f(string=;X 7;Y 18; blue)
 Cleaned Element : %!f(string=;X 8;Y 18; blue)
   Found existing color/alias : %!f(string= blue)
   Checking this color : %!f(string=blue)
   Built test string   : %!f(string= blue)
   Adding this color to temp tree: [%!f(string=; blue;R 0;G 0;B 255;T 255)]
-   Count: %!f(int=1)
-   Elapsed : %!f(int=1)
   Found existing color/alias : %!f(string= blue)
   Checking this color : %!f(string=blue)
   Built test string   : %!f(string= blue)
   Adding this color to temp tree: [%!f(string=; blue;R 0;G 0;B 255;T 255)]
-   Count: %!f(int=1)
-   Elapsed : %!f(int=1)
  Creating point : %!f(string=;X 8;Y 18; blue)
 Cleaned Element : %!f(string=;X 5;Y 19; blue)
   Found existing color/alias : %!f(string= blue)
   Checking this color : %!f(string=blue)
   Built test string   : %!f(string= blue)
   Adding this color to temp tree: [%!f(string=; blue;R 0;G 0;B 255;T 255)]
-   Count: %!f(int=1)
-   Elapsed : %!f(int=1)
   Found existing color/alias : %!f(string= blue)
   Checking this color : %!f(string=blue)
   Built test string   : %!f(string= blue)
   Adding this color to temp tree: [%!f(string=; blue;R 0;G 0;B 255;T 255)]
-   Count: %!f(int=1)
-   Elapsed : %!f(int=1)
  Creating point : %!f(string=;X 5;Y 19; blue)
 Cleaned Element : %!f(string=;X 6;Y 19; blue)
   Found existing color/alias : %!f(string= blue)
   Checking this color : %!f(string=blue)
   Built test string   : %!f(string= blue)
   Adding this color to temp tree: [%!f(string=; blue;R 0;G 0;B 255;T 255)]
-   Count: %!f(int=1)
-   Elapsed : %!f(int=1)
   Found existing color/alias : %!f(string= blue)
   Checking this color : %!f(string=blue)
   Built test string   : %!f(string= blue)
   Adding this color to temp tree: [%!f(string=; blue;R 0;G 0;B 255;T 255)]
-   Count: %!f(int=1)
-   Elapsed : %!f(int=1)
  Creating point : %!f(string=;X 6;Y 19; blue)
 Cleaned Element : %!f(string=;X 7;Y 19; blue)
   Found existing color/alias : %!f(string= blue)
   Checking this color : %!f(string=blue)
   Built test string   : %!f(string= blue)
   Adding this color to temp tree: [%!f(string=; blue;R 0;G 0;B 255;T 255)]
-   Count: %!f(int=1)
-   Elapsed : %!f(int=1)
   Found existing color/alias : %!f(string= blue)
   Checking this color : %!f(string=blue)
   Built test string   : %!f(string= blue)
   Adding this color to temp tree: [%!f(string=; blue;R 0;G 0;B 255;T 255)]
-   Count: %!f(int=1)
-   Elapsed : %!f(int=1)
  Creating point : %!f(string=;X 7;Y 19; blue)
 Cleaned Element : %!f(string=;X 8;Y 19; blue)
   Found existing color/alias : %!f(string= blue)
   Checking this color : %!f(string=blue)
   Built test string   : %!f(string= blue)
   Adding this color to temp tree: [%!f(string=; blue;R 0;G 0;B 255;T 255)]
-   Count: %!f(int=1)
-   Elapsed : %!f(int=1)
   Found existing color/alias : %!f(string= blue)
   Checking this color : %!f(string=blue)
   Built test string   : %!f(string= blue)
   Adding this color to temp tree: [%!f(string=; blue;R 0;G 0;B 255;T 255)]
-   Count: %!f(int=1)
-   Elapsed : %!f(int=1)
  Creating point : %!f(string=;X 8;Y 19; blue)
 Cleaned Element : %!f(string=;X 5;Y 20; blue)
   Found existing color/alias : %!f(string= blue)
   Checking this color : %!f(string=blue)
   Built test string   : %!f(string= blue)
   Adding this color to temp tree: [%!f(string=; blue;R 0;G 0;B 255;T 255)]
-   Count: %!f(int=1)
-   Elapsed : %!f(int=1)
   Found existing color/alias : %!f(string= blue)
   Checking this color : %!f(string=blue)
   Built test string   : %!f(string= blue)
   Adding this color to temp tree: [%!f(string=; blue;R 0;G 0;B 255;T 255)]
-   Count: %!f(int=1)
-   Elapsed : %!f(int=1)
  Creating point : %!f(string=;X 5;Y 20; blue)
 Cleaned Element : %!f(string=;X 6;Y 20; blue)
   Found existing color/alias : %!f(string= blue)
   Checking this color : %!f(string=blue)
   Built test string   : %!f(string= blue)
   Adding this color to temp tree: [%!f(string=; blue;R 0;G 0;B 255;T 255)]
-   Count: %!f(int=1)
-   Elapsed : %!f(int=1)
   Found existing color/alias : %!f(string= blue)
   Checking this color : %!f(string=blue)
   Built test string   : %!f(string= blue)
   Adding this color to temp tree: [%!f(string=; blue;R 0;G 0;B 255;T 255)]
-   Count: %!f(int=1)
-   Elapsed : %!f(int=1)
  Creating point : %!f(string=;X 6;Y 20; blue)
 Cleaned Element : %!f(string=;X 7;Y 20; blue)
   Found existing color/alias : %!f(string= blue)
   Checking this color : %!f(string=blue)
   Built test string   : %!f(string= blue)
   Adding this color to temp tree: [%!f(string=; blue;R 0;G 0;B 255;T 255)]
-   Count: %!f(int=1)
-   Elapsed : %!f(int=1)
   Found existing color/alias : %!f(string= blue)
   Checking this color : %!f(string=blue)
   Built test string   : %!f(string= blue)
   Adding this color to temp tree: [%!f(string=; blue;R 0;G 0;B 255;T 255)]
-   Count: %!f(int=1)
-   Elapsed : %!f(int=1)
  Creating point : %!f(string=;X 7;Y 20; blue)
 Cleaned Element : %!f(string=;X 8;Y 20; blue)
   Found existing color/alias : %!f(string= blue)
   Checking this color : %!f(string=blue)
   Built test string   : %!f(string= blue)
   Adding this color to temp tree: [%!f(string=; blue;R 0;G 0;B 255;T 255)]
-   Count: %!f(int=1)
-   Elapsed : %!f(int=1)
   Found existing color/alias : %!f(string= blue)
   Checking this color : %!f(string=blue)
   Built test string   : %!f(string= blue)
   Adding this color to temp tree: [%!f(string=; blue;R 0;G 0;B 255;T 255)]
-   Count: %!f(int=1)
-   Elapsed : %!f(int=1)
  Creating point : %!f(string=;X 8;Y 20; blue)
 Cleaned Element : %!f(string=;X 5;Y 21; blue)
   Found existing color/alias : %!f(string= blue)
   Checking this color : %!f(string=blue)
   Built test string   : %!f(string= blue)
   Adding this color to temp tree: [%!f(string=; blue;R 0;G 0;B 255;T 255)]
-   Count: %!f(int=1)
-   Elapsed : %!f(int=1)
   Found existing color/alias : %!f(string= blue)
   Checking this color : %!f(string=blue)
   Built test string   : %!f(string= blue)
   Adding this color to temp tree: [%!f(string=; blue;R 0;G 0;B 255;T 255)]
-   Count: %!f(int=1)
-   Elapsed : %!f(int=1)
  Creating point : %!f(string=;X 5;Y 21; blue)
 Cleaned Element : %!f(string=;X 6;Y 21; blue)
   Found existing color/alias : %!f(string= blue)
   Checking this color : %!f(string=blue)
   Built test string   : %!f(string= blue)
   Adding this color to temp tree: [%!f(string=; blue;R 0;G 0;B 255;T 255)]
-   Count: %!f(int=1)
-   Elapsed : %!f(int=1)
   Found existing color/alias : %!f(string= blue)
   Checking this color : %!f(string=blue)
   Built test string   : %!f(string= blue)
   Adding this color to temp tree: [%!f(string=; blue;R 0;G 0;B 255;T 255)]
-   Count: %!f(int=1)
-   Elapsed : %!f(int=1)
  Creating point : %!f(string=;X 6;Y 21; blue)
 Cleaned Element : %!f(string=;X 7;Y 21; blue)
   Found existing color/alias : %!f(string= blue)
   Checking this color : %!f(string=blue)
   Built test string   : %!f(string= blue)
   Adding this color to temp tree: [%!f(string=; blue;R 0;G 0;B 255;T 255)]
-   Count: %!f(int=1)
-   Elapsed : %!f(int=1)
   Found existing color/alias : %!f(string= blue)
   Checking this color : %!f(string=blue)
   Built test string   : %!f(string= blue)
   Adding this color to temp tree: [%!f(string=; blue;R 0;G 0;B 255;T 255)]
-   Count: %!f(int=1)
-   Elapsed : %!f(int=1)
  Creating point : %!f(string=;X 7;Y 21; blue)
 Cleaned Element : %!f(string=;X 8;Y 21; blue)
   Found existing color/alias : %!f(string= blue)
   Checking this color : %!f(string=blue)
   Built test string   : %!f(string= blue)
   Adding this color to temp tree: [%!f(string=; blue;R 0;G 0;B 255;T 255)]
-   Count: %!f(int=1)
-   Elapsed : %!f(int=1)
   Found existing color/alias : %!f(string= blue)
   Checking this color : %!f(string=blue)
   Built test string   : %!f(string= blue)
   Adding this color to temp tree: [%!f(string=; blue;R 0;G 0;B 255;T 255)]
-   Count: %!f(int=1)
-   Elapsed : %!f(int=1)
  Creating point : %!f(string=;X 8;Y 21; blue)
 Cleaned Element : %!f(string=;X 5;Y 22; blue)
   Found existing color/alias : %!f(string= blue)
   Checking this color : %!f(string=blue)
   Built test string   : %!f(string= blue)
   Adding this color to temp tree: [%!f(string=; blue;R 0;G 0;B 255;T 255)]
-   Count: %!f(int=1)
-   Elapsed : %!f(int=1)
   Found existing color/alias : %!f(string= blue)
   Checking this color : %!f(string=blue)
   Built test string   : %!f(string= blue)
   Adding this color to temp tree: [%!f(string=; blue;R 0;G 0;B 255;T 255)]
-   Count: %!f(int=1)
-   Elapsed : %!f(int=1)
  Creating point : %!f(string=;X 5;Y 22; blue)
 Cleaned Element : %!f(string=;X 6;Y 22; blue)
   Found existing color/alias : %!f(string= blue)
   Checking this color : %!f(string=blue)
   Built test string   : %!f(string= blue)
   Adding this color to temp tree: [%!f(string=; blue;R 0;G 0;B 255;T 255)]
-   Count: %!f(int=1)
-   Elapsed : %!f(int=1)
   Found existing color/alias : %!f(string= blue)
   Checking this color : %!f(string=blue)
   Built test string   : %!f(string= blue)
   Adding this color to temp tree: [%!f(string=; blue;R 0;G 0;B 255;T 255)]
-   Count: %!f(int=1)
-   Elapsed : %!f(int=1)
  Creating point : %!f(string=;X 6;Y 22; blue)
 Cleaned Element : %!f(string=;X 7;Y 22; blue)
   Found existing color/alias : %!f(string= blue)
   Checking this color : %!f(string=blue)
   Built test string   : %!f(string= blue)
   Adding this color to temp tree: [%!f(string=; blue;R 0;G 0;B 255;T 255)]
-   Count: %!f(int=1)
-   Elapsed : %!f(int=1)
   Found existing color/alias : %!f(string= blue)
   Checking this color : %!f(string=blue)
   Built test string   : %!f(string= blue)
   Adding this color to temp tree: [%!f(string=; blue;R 0;G 0;B 255;T 255)]
-   Count: %!f(int=1)
-   Elapsed : %!f(int=1)
  Creating point : %!f(string=;X 7;Y 22; blue)
 Cleaned Element : %!f(string=;X 8;Y 22; blue)
   Found existing color/alias : %!f(string= blue)
   Checking this color : %!f(string=blue)
   Built test string   : %!f(string= blue)
   Adding this color to temp tree: [%!f(string=; blue;R 0;G 0;B 255;T 255)]
-   Count: %!f(int=1)
-   Elapsed : %!f(int=1)
   Found existing color/alias : %!f(string= blue)
   Checking this color : %!f(string=blue)
   Built test string   : %!f(string= blue)
   Adding this color to temp tree: [%!f(string=; blue;R 0;G 0;B 255;T 255)]
-   Count: %!f(int=1)
-   Elapsed : %!f(int=1)
  Creating point : %!f(string=;X 8;Y 22; blue)
 Cleaned Element : %!f(string=;X 5;Y 23; blue)
   Found existing color/alias : %!f(string= blue)
   Checking this color : %!f(string=blue)
   Built test string   : %!f(string= blue)
   Adding this color to temp tree: [%!f(string=; blue;R 0;G 0;B 255;T 255)]
-   Count: %!f(int=1)
-   Elapsed : %!f(int=1)
   Found existing color/alias : %!f(string= blue)
   Checking this color : %!f(string=blue)
   Built test string   : %!f(string= blue)
   Adding this color to temp tree: [%!f(string=; blue;R 0;G 0;B 255;T 255)]
-   Count: %!f(int=1)
-   Elapsed : %!f(int=1)
  Creating point : %!f(string=;X 5;Y 23; blue)
 Cleaned Element : %!f(string=;X 6;Y 23; blue)
   Found existing color/alias : %!f(string= blue)
   Checking this color : %!f(string=blue)
   Built test string   : %!f(string= blue)
   Adding this color to temp tree: [%!f(string=; blue;R 0;G 0;B 255;T 255)]
-   Count: %!f(int=1)
-   Elapsed : %!f(int=1)
   Found existing color/alias : %!f(string= blue)
   Checking this color : %!f(string=blue)
   Built test string   : %!f(string= blue)
   Adding this color to temp tree: [%!f(string=; blue;R 0;G 0;B 255;T 255)]
-   Count: %!f(int=1)
-   Elapsed : %!f(int=1)
  Creating point : %!f(string=;X 6;Y 23; blue)
 Cleaned Element : %!f(string=;X 7;Y 23; blue)
   Found existing color/alias : %!f(string= blue)
   Checking this color : %!f(string=blue)
   Built test string   : %!f(string= blue)
   Adding this color to temp tree: [%!f(string=; blue;R 0;G 0;B 255;T 255)]
-   Count: %!f(int=1)
-   Elapsed : %!f(int=1)
   Found existing color/alias : %!f(string= blue)
   Checking this color : %!f(string=blue)
   Built test string   : %!f(string= blue)
   Adding this color to temp tree: [%!f(string=; blue;R 0;G 0;B 255;T 255)]
-   Count: %!f(int=1)
-   Elapsed : %!f(int=1)
  Creating point : %!f(string=;X 7;Y 23; blue)
 Cleaned Element : %!f(string=;X 8;Y 23; blue)
   Found existing color/alias : %!f(string= blue)
   Checking this color : %!f(string=blue)
   Built test string   : %!f(string= blue)
   Adding this color to temp tree: [%!f(string=; blue;R 0;G 0;B 255;T 255)]
-   Count: %!f(int=1)
-   Elapsed : %!f(int=1)
   Found existing color/alias : %!f(string= blue)
   Checking this color : %!f(string=blue)
   Built test string   : %!f(string= blue)
   Adding this color to temp tree: [%!f(string=; blue;R 0;G 0;B 255;T 255)]
-   Count: %!f(int=1)
-   Elapsed : %!f(int=1)
  Creating point : %!f(string=;X 8;Y 23; blue)
 Cleaned Element : %!f(string=;X 5;Y 24; blue)
   Found existing color/alias : %!f(string= blue)
   Checking this color : %!f(string=blue)
   Built test string   : %!f(string= blue)
   Adding this color to temp tree: [%!f(string=; blue;R 0;G 0;B 255;T 255)]
-   Count: %!f(int=1)
-   Elapsed : %!f(int=1)
   Found existing color/alias : %!f(string= blue)
   Checking this color : %!f(string=blue)
   Built test string   : %!f(string= blue)
   Adding this color to temp tree: [%!f(string=; blue;R 0;G 0;B 255;T 255)]
-   Count: %!f(int=1)
-   Elapsed : %!f(int=1)
  Creating point : %!f(string=;X 5;Y 24; blue)
 Cleaned Element : %!f(string=;X 6;Y 24; blue)
   Found existing color/alias : %!f(string= blue)
   Checking this color : %!f(string=blue)
   Built test string   : %!f(string= blue)
   Adding this color to temp tree: [%!f(string=; blue;R 0;G 0;B 255;T 255)]
-   Count: %!f(int=1)
-   Elapsed : %!f(int=1)
   Found existing color/alias : %!f(string= blue)
   Checking this color : %!f(string=blue)
   Built test string   : %!f(string= blue)
   Adding this color to temp tree: [%!f(string=; blue;R 0;G 0;B 255;T 255)]
-   Count: %!f(int=1)
-   Elapsed : %!f(int=1)
  Creating point : %!f(string=;X 6;Y 24; blue)
 Cleaned Element : %!f(string=;X 7;Y 24; blue)
   Found existing color/alias : %!f(string= blue)
   Checking this color : %!f(string=blue)
   Built test string   : %!f(string= blue)
   Adding this color to temp tree: [%!f(string=; blue;R 0;G 0;B 255;T 255)]
-   Count: %!f(int=1)
-   Elapsed : %!f(int=1)
   Found existing color/alias : %!f(string= blue)
   Checking this color : %!f(string=blue)
   Built test string   : %!f(string= blue)
   Adding this color to temp tree: [%!f(string=; blue;R 0;G 0;B 255;T 255)]
-   Count: %!f(int=1)
-   Elapsed : %!f(int=1)
  Creating point : %!f(string=;X 7;Y 24; blue)
 Cleaned Element : %!f(string=;X 8;Y 24; blue)
   Found existing color/alias : %!f(string= blue)
   Checking this color : %!f(string=blue)
   Built test string   : %!f(string= blue)
   Adding this color to temp tree: [%!f(string=; blue;R 0;G 0;B 255;T 255)]
-   Count: %!f(int=1)
-   Elapsed : %!f(int=1)
   Found existing color/alias : %!f(string= blue)
   Checking this color : %!f(string=blue)
   Built test string   : %!f(string= blue)
   Adding this color to temp tree: [%!f(string=; blue;R 0;G 0;B 255;T 255)]
-   Count: %!f(int=1)
-   Elapsed : %!f(int=1)
  Creating point : %!f(string=;X 8;Y 24; blue)
 Cleaned Element : %!f(string=;X 5;Y 25; red blue)
   Found existing color/alias : %!f(string= red)
   No known color/alias : %!f(string= red)
   Checking this color : %!f(string=blue)
   Built test string   : %!f(string= blue)
   Checking this color : %!f(string=red)
   Built test string   : %!f(string= red)
   Adding this color to temp tree: [%!f(string=; blue;R 0;G 0;B 255;T 255) %!f(string=; red;R 255;G 0;B 0;T 255)]
-   Count: %!f(int=1)
-   Elapsed : %!f(int=1)
   Found existing color/alias : %!f(string= red)
   No known color/alias : %!f(string= red)
   Checking this color : %!f(string=blue)
   Built test string   : %!f(string= blue)
   Checking this color : %!f(string=red)
   Built test string   : %!f(string= red)
   Adding this color to temp tree: [%!f(string=; blue;R 0;G 0;B 255;T 255) %!f(string=; red;R 255;G 0;B 0;T 255)]
-   Count: %!f(int=1)
-   Elapsed : %!f(int=1)
  Creating point : %!f(string=;X 5;Y 25; red blue)
 Cleaned Element : %!f(string=;X 6;Y 25; red blue)
   Found existing color/alias : %!f(string= red)
   No known color/alias : %!f(string= red)
   Checking this color : %!f(string=blue)
   Built test string   : %!f(string= blue)
   Checking this color : %!f(string=red)
   Built test string   : %!f(string= red)
   Adding this color to temp tree: [%!f(string=; blue;R 0;G 0;B 255;T 255) %!f(string=; red;R 255;G 0;B 0;T 255)]
-   Count: %!f(int=1)
-   Elapsed : %!f(int=1)
   Found existing color/alias : %!f(string= red)
   No known color/alias : %!f(string= red)
   Checking this color : %!f(string=blue)
   Built test string   : %!f(string= blue)
   Checking this color : %!f(string=red)
   Built test string   : %!f(string= red)
   Adding this color to temp tree: [%!f(string=; blue;R 0;G 0;B 255;T 255) %!f(string=; red;R 255;G 0;B 0;T 255)]
-   Count: %!f(int=1)
-   Elapsed : %!f(int=1)
  Creating point : %!f(string=;X 6;Y 25; red blue)
 Cleaned Element : %!f(string=;X 7;Y 25; red blue)
   Found existing color/alias : %!f(string= red)
   No known color/alias : %!f(string= red)
   Checking this color : %!f(string=blue)
   Built test string   : %!f(string= blue)
   Checking this color : %!f(string=red)
   Built test string   : %!f(string= red)
   Adding this color to temp tree: [%!f(string=; blue;R 0;G 0;B 255;T 255) %!f(string=; red;R 255;G 0;B 0;T 255)]
-   Count: %!f(int=1)
-   Elapsed : %!f(int=1)
   Found existing color/alias : %!f(string= red)
   No known color/alias : %!f(string= red)
   Checking this color : %!f(string=blue)
   Built test string   : %!f(string= blue)
   Checking this color : %!f(string=red)
   Built test string   : %!f(string= red)
   Adding this color to temp tree: [%!f(string=; blue;R 0;G 0;B 255;T 255) %!f(string=; red;R 255;G 0;B 0;T 255)]
-   Count: %!f(int=1)
-   Elapsed : %!f(int=1)
  Creating point : %!f(string=;X 7;Y 25; red blue)
 Cleaned Element : %!f(string=;X 8;Y 25; red blue)
   Found existing color/alias : %!f(string= red)
   No known color/alias : %!f(string= red)
   Checking this color : %!f(string=blue)
   Built test string   : %!f(string= blue)
   Checking this color : %!f(string=red)
   Built test string   : %!f(string= red)
   Adding this color to temp tree: [%!f(string=; blue;R 0;G 0;B 255;T 255) %!f(string=; red;R 255;G 0;B 0;T 255)]
-   Count: %!f(int=1)
-   Elapsed : %!f(int=1)
   Found existing color/alias : %!f(string= red)
   No known color/alias : %!f(string= red)
   Checking this color : %!f(string=blue)
   Built test string   : %!f(string= blue)
   Checking this color : %!f(string=red)
   Built test string   : %!f(string= red)
   Adding this color to temp tree: [%!f(string=; blue;R 0;G 0;B 255;T 255) %!f(string=; red;R 255;G 0;B 0;T 255)]
-   Count: %!f(int=1)
-   Elapsed : %!f(int=1)
  Creating point : %!f(string=;X 8;Y 25; red blue)
 Cleaned Element : %!f(string=;X 5;Y 26; red blue)
   Found existing color/alias : %!f(string= red)
   No known color/alias : %!f(string= red)
   Checking this color : %!f(string=blue)
   Built test string   : %!f(string= blue)
   Checking this color : %!f(string=red)
   Built test string   : %!f(string= red)
   Adding this color to temp tree: [%!f(string=; blue;R 0;G 0;B 255;T 255) %!f(string=; red;R 255;G 0;B 0;T 255)]
-   Count: %!f(int=1)
-   Elapsed : %!f(int=1)
   Found existing color/alias : %!f(string= red)
   No known color/alias : %!f(string= red)
   Checking this color : %!f(string=blue)
   Built test string   : %!f(string= blue)
   Checking this color : %!f(string=red)
   Built test string   : %!f(string= red)
   Adding this color to temp tree: [%!f(string=; blue;R 0;G 0;B 255;T 255) %!f(string=; red;R 255;G 0;B 0;T 255)]
-   Count: %!f(int=1)
-   Elapsed : %!f(int=1)
  Creating point : %!f(string=;X 5;Y 26; red blue)
 Cleaned Element : %!f(string=;X 6;Y 26; red blue)
   Found existing color/alias : %!f(string= red)
   No known color/alias : %!f(string= red)
   Checking this color : %!f(string=blue)
   Built test string   : %!f(string= blue)
   Checking this color : %!f(string=red)
   Built test string   : %!f(string= red)
   Adding this color to temp tree: [%!f(string=; blue;R 0;G 0;B 255;T 255) %!f(string=; red;R 255;G 0;B 0;T 255)]
-   Count: %!f(int=1)
-   Elapsed : %!f(int=1)
   Found existing color/alias : %!f(string= red)
   No known color/alias : %!f(string= red)
   Checking this color : %!f(string=blue)
   Built test string   : %!f(string= blue)
   Checking this color : %!f(string=red)
   Built test string   : %!f(string= red)
   Adding this color to temp tree: [%!f(string=; blue;R 0;G 0;B 255;T 255) %!f(string=; red;R 255;G 0;B 0;T 255)]
-   Count: %!f(int=1)
-   Elapsed : %!f(int=1)
  Creating point : %!f(string=;X 6;Y 26; red blue)
 Cleaned Element : %!f(string=;X 7;Y 26; red blue)
   Found existing color/alias : %!f(string= red)
   No known color/alias : %!f(string= red)
   Checking this color : %!f(string=blue)
   Built test string   : %!f(string= blue)
   Checking this color : %!f(string=red)
   Built test string   : %!f(string= red)
   Adding this color to temp tree: [%!f(string=; blue;R 0;G 0;B 255;T 255) %!f(string=; red;R 255;G 0;B 0;T 255)]
-   Count: %!f(int=1)
-   Elapsed : %!f(int=1)
   Found existing color/alias : %!f(string= red)
   No known color/alias : %!f(string= red)
   Checking this color : %!f(string=blue)
   Built test string   : %!f(string= blue)
   Checking this color : %!f(string=red)
   Built test string   : %!f(string= red)
   Adding this color to temp tree: [%!f(string=; blue;R 0;G 0;B 255;T 255) %!f(string=; red;R 255;G 0;B 0;T 255)]
-   Count: %!f(int=1)
-   Elapsed : %!f(int=1)
  Creating point : %!f(string=;X 7;Y 26; red blue)
 Cleaned Element : %!f(string=;X 8;Y 26; red blue)
   Found existing color/alias : %!f(string= red)
   No known color/alias : %!f(string= red)
   Checking this color : %!f(string=blue)
   Built test string   : %!f(string= blue)
   Checking this color : %!f(string=red)
   Built test string   : %!f(string= red)
   Adding this color to temp tree: [%!f(string=; blue;R 0;G 0;B 255;T 255) %!f(string=; red;R 255;G 0;B 0;T 255)]
-   Count: %!f(int=1)
-   Elapsed : %!f(int=1)
   Found existing color/alias : %!f(string= red)
   No known color/alias : %!f(string= red)
   Checking this color : %!f(string=blue)
   Built test string   : %!f(string= blue)
   Checking this color : %!f(string=red)
   Built test string   : %!f(string= red)
   Adding this color to temp tree: [%!f(string=; blue;R 0;G 0;B 255;T 255) %!f(string=; red;R 255;G 0;B 0;T 255)]
-   Count: %!f(int=1)
-   Elapsed : %!f(int=1)
  Creating point : %!f(string=;X 8;Y 26; red blue)
 Cleaned Element : %!f(string=;X 5;Y 27; red blue)
   Found existing color/alias : %!f(string= red)
   No known color/alias : %!f(string= red)
   Checking this color : %!f(string=blue)
   Built test string   : %!f(string= blue)
   Checking this color : %!f(string=red)
   Built test string   : %!f(string= red)
   Adding this color to temp tree: [%!f(string=; blue;R 0;G 0;B 255;T 255) %!f(string=; red;R 255;G 0;B 0;T 255)]
-   Count: %!f(int=1)
-   Elapsed : %!f(int=1)
   Found existing color/alias : %!f(string= red)
   No known color/alias : %!f(string= red)
   Checking this color : %!f(string=blue)
   Built test string   : %!f(string= blue)
   Checking this color : %!f(string=red)
   Built test string   : %!f(string= red)
   Adding this color to temp tree: [%!f(string=; blue;R 0;G 0;B 255;T 255) %!f(string=; red;R 255;G 0;B 0;T 255)]
-   Count: %!f(int=1)
-   Elapsed : %!f(int=1)
  Creating point : %!f(string=;X 5;Y 27; red blue)
 Cleaned Element : %!f(string=;X 6;Y 27; red blue)
   Found existing color/alias : %!f(string= red)
   No known color/alias : %!f(string= red)
   Checking this color : %!f(string=blue)
   Built test string   : %!f(string= blue)
   Checking this color : %!f(string=red)
   Built test string   : %!f(string= red)
   Adding this color to temp tree: [%!f(string=; blue;R 0;G 0;B 255;T 255) %!f(string=; red;R 255;G 0;B 0;T 255)]
-   Count: %!f(int=1)
-   Elapsed : %!f(int=1)
   Found existing color/alias : %!f(string= red)
   No known color/alias : %!f(string= red)
   Checking this color : %!f(string=blue)
   Built test string   : %!f(string= blue)
   Checking this color : %!f(string=red)
   Built test string   : %!f(string= red)
   Adding this color to temp tree: [%!f(string=; blue;R 0;G 0;B 255;T 255) %!f(string=; red;R 255;G 0;B 0;T 255)]
-   Count: %!f(int=1)
-   Elapsed : %!f(int=1)
  Creating point : %!f(string=;X 6;Y 27; red blue)
 Cleaned Element : %!f(string=;X 7;Y 27; red blue)
   Found existing color/alias : %!f(string= red)
   No known color/alias : %!f(string= red)
   Checking this color : %!f(string=blue)
   Built test string   : %!f(string= blue)
   Checking this color : %!f(string=red)
   Built test string   : %!f(string= red)
   Adding this color to temp tree: [%!f(string=; blue;R 0;G 0;B 255;T 255) %!f(string=; red;R 255;G 0;B 0;T 255)]
-   Count: %!f(int=1)
-   Elapsed : %!f(int=1)
   Found existing color/alias : %!f(string= red)
   No known color/alias : %!f(string= red)
   Checking this color : %!f(string=blue)
   Built test string   : %!f(string= blue)
   Checking this color : %!f(string=red)
   Built test string   : %!f(string= red)
   Adding this color to temp tree: [%!f(string=; blue;R 0;G 0;B 255;T 255) %!f(string=; red;R 255;G 0;B 0;T 255)]
-   Count: %!f(int=1)
-   Elapsed : %!f(int=1)
  Creating point : %!f(string=;X 7;Y 27; red blue)
 Cleaned Element : %!f(string=;X 8;Y 27; red blue)
   Found existing color/alias : %!f(string= red)
   No known color/alias : %!f(string= red)
   Checking this color : %!f(string=blue)
   Built test string   : %!f(string= blue)
   Checking this color : %!f(string=red)
   Built test string   : %!f(string= red)
   Adding this color to temp tree: [%!f(string=; blue;R 0;G 0;B 255;T 255) %!f(string=; red;R 255;G 0;B 0;T 255)]
-   Count: %!f(int=1)
-   Elapsed : %!f(int=1)
   Found existing color/alias : %!f(string= red)
   No known color/alias : %!f(string= red)
   Checking this color : %!f(string=blue)
   Built test string   : %!f(string= blue)
   Checking this color : %!f(string=red)
   Built test string   : %!f(string= red)
   Adding this color to temp tree: [%!f(string=; blue;R 0;G 0;B 255;T 255) %!f(string=; red;R 255;G 0;B 0;T 255)]
-   Count: %!f(int=1)
-   Elapsed : %!f(int=1)
  Creating point : %!f(string=;X 8;Y 27; red blue)
 Cleaned Element : %!f(string=;X 5;Y 28; red blue)
   Found existing color/alias : %!f(string= red)
   No known color/alias : %!f(string= red)
   Checking this color : %!f(string=blue)
   Built test string   : %!f(string= blue)
   Checking this color : %!f(string=red)
   Built test string   : %!f(string= red)
   Adding this color to temp tree: [%!f(string=; blue;R 0;G 0;B 255;T 255) %!f(string=; red;R 255;G 0;B 0;T 255)]
-   Count: %!f(int=1)
-   Elapsed : %!f(int=1)
   Found existing color/alias : %!f(string= red)
   No known color/alias : %!f(string= red)
   Checking this color : %!f(string=blue)
   Built test string   : %!f(string= blue)
   Checking this color : %!f(string=red)
   Built test string   : %!f(string= red)
   Adding this color to temp tree: [%!f(string=; blue;R 0;G 0;B 255;T 255) %!f(string=; red;R 255;G 0;B 0;T 255)]
-   Count: %!f(int=1)
-   Elapsed : %!f(int=1)
  Creating point : %!f(string=;X 5;Y 28; red blue)
 Cleaned Element : %!f(string=;X 6;Y 28; red blue)
   Found existing color/alias : %!f(string= red)
   No known color/alias : %!f(string= red)
   Checking this color : %!f(string=blue)
   Built test string   : %!f(string= blue)
   Checking this color : %!f(string=red)
   Built test string   : %!f(string= red)
   Adding this color to temp tree: [%!f(string=; blue;R 0;G 0;B 255;T 255) %!f(string=; red;R 255;G 0;B 0;T 255)]
-   Count: %!f(int=1)
-   Elapsed : %!f(int=1)
   Found existing color/alias : %!f(string= red)
   No known color/alias : %!f(string= red)
   Checking this color : %!f(string=blue)
   Built test string   : %!f(string= blue)
   Checking this color : %!f(string=red)
   Built test string   : %!f(string= red)
   Adding this color to temp tree: [%!f(string=; blue;R 0;G 0;B 255;T 255) %!f(string=; red;R 255;G 0;B 0;T 255)]
-   Count: %!f(int=1)
-   Elapsed : %!f(int=1)
  Creating point : %!f(string=;X 6;Y 28; red blue)
 Cleaned Element : %!f(string=;X 7;Y 28; red blue)
   Found existing color/alias : %!f(string= red)
   No known color/alias : %!f(string= red)
   Checking this color : %!f(string=blue)
   Built test string   : %!f(string= blue)
   Checking this color : %!f(string=red)
   Built test string   : %!f(string= red)
   Adding this color to temp tree: [%!f(string=; blue;R 0;G 0;B 255;T 255) %!f(string=; red;R 255;G 0;B 0;T 255)]
-   Count: %!f(int=1)
-   Elapsed : %!f(int=1)
   Found existing color/alias : %!f(string= red)
   No known color/alias : %!f(string= red)
   Checking this color : %!f(string=blue)
   Built test string   : %!f(string= blue)
   Checking this color : %!f(string=red)
   Built test string   : %!f(string= red)
   Adding this color to temp tree: [%!f(string=; blue;R 0;G 0;B 255;T 255) %!f(string=; red;R 255;G 0;B 0;T 255)]
-   Count: %!f(int=1)
-   Elapsed : %!f(int=1)
  Creating point : %!f(string=;X 7;Y 28; red blue)
 Cleaned Element : %!f(string=;X 8;Y 28; red blue)
   Found existing color/alias : %!f(string= red)
   No known color/alias : %!f(string= red)
   Checking this color : %!f(string=blue)
   Built test string   : %!f(string= blue)
   Checking this color : %!f(string=red)
   Built test string   : %!f(string= red)
   Adding this color to temp tree: [%!f(string=; blue;R 0;G 0;B 255;T 255) %!f(string=; red;R 255;G 0;B 0;T 255)]
-   Count: %!f(int=1)
-   Elapsed : %!f(int=1)
   Found existing color/alias : %!f(string= red)
   No known color/alias : %!f(string= red)
   Checking this color : %!f(string=blue)
   Built test string   : %!f(string= blue)
   Checking this color : %!f(string=red)
   Built test string   : %!f(string= red)
   Adding this color to temp tree: [%!f(string=; blue;R 0;G 0;B 255;T 255) %!f(string=; red;R 255;G 0;B 0;T 255)]
-   Count: %!f(int=1)
-   Elapsed : %!f(int=1)
  Creating point : %!f(string=;X 8;Y 28; red blue)
 Cleaned Element : %!f(string=;X 23;Y 7; blue)
   Found existing color/alias : %!f(string= blue)
   Checking this color : %!f(string=blue)
   Built test string   : %!f(string= blue)
   Adding this color to temp tree: [%!f(string=; blue;R 0;G 0;B 255;T 255)]
-   Count: %!f(int=1)
-   Elapsed : %!f(int=1)
   Found existing color/alias : %!f(string= blue)
   Checking this color : %!f(string=blue)
   Built test string   : %!f(string= blue)
   Adding this color to temp tree: [%!f(string=; blue;R 0;G 0;B 255;T 255)]
-   Count: %!f(int=1)
-   Elapsed : %!f(int=1)
  Creating point : %!f(string=;X 23;Y 7; blue)
 Cleaned Element : %!f(string=;X 24;Y 7; blue)
   Found existing color/alias : %!f(string= blue)
   Checking this color : %!f(string=blue)
   Built test string   : %!f(string= blue)
   Adding this color to temp tree: [%!f(string=; blue;R 0;G 0;B 255;T 255)]
-   Count: %!f(int=1)
-   Elapsed : %!f(int=1)
   Found existing color/alias : %!f(string= blue)
   Checking this color : %!f(string=blue)
   Built test string   : %!f(string= blue)
   Adding this color to temp tree: [%!f(string=; blue;R 0;G 0;B 255;T 255)]
-   Count: %!f(int=1)
-   Elapsed : %!f(int=1)
  Creating point : %!f(string=;X 24;Y 7; blue)
 Cleaned Element : %!f(string=;X 25;Y 7; blue)
   Found existing color/alias : %!f(string= blue)
   Checking this color : %!f(string=blue)
   Built test string   : %!f(string= blue)
   Adding this color to temp tree: [%!f(string=; blue;R 0;G 0;B 255;T 255)]
-   Count: %!f(int=1)
-   Elapsed : %!f(int=1)
   Found existing color/alias : %!f(string= blue)
   Checking this color : %!f(string=blue)
   Built test string   : %!f(string= blue)
   Adding this color to temp tree: [%!f(string=; blue;R 0;G 0;B 255;T 255)]
-   Count: %!f(int=1)
-   Elapsed : %!f(int=1)
  Creating point : %!f(string=;X 25;Y 7; blue)
 Cleaned Element : %!f(string=;X 26;Y 7; blue)
   Found existing color/alias : %!f(string= blue)
   Checking this color : %!f(string=blue)
   Built test string   : %!f(string= blue)
   Adding this color to temp tree: [%!f(string=; blue;R 0;G 0;B 255;T 255)]
-   Count: %!f(int=1)
-   Elapsed : %!f(int=1)
   Found existing color/alias : %!f(string= blue)
   Checking this color : %!f(string=blue)
   Built test string   : %!f(string= blue)
   Adding this color to temp tree: [%!f(string=; blue;R 0;G 0;B 255;T 255)]
-   Count: %!f(int=1)
-   Elapsed : %!f(int=1)
  Creating point : %!f(string=;X 26;Y 7; blue)
 Cleaned Element : %!f(string=;X 23;Y 8; blue)
   Found existing color/alias : %!f(string= blue)
   Checking this color : %!f(string=blue)
   Built test string   : %!f(string= blue)
   Adding this color to temp tree: [%!f(string=; blue;R 0;G 0;B 255;T 255)]
-   Count: %!f(int=1)
-   Elapsed : %!f(int=1)
   Found existing color/alias : %!f(string= blue)
   Checking this color : %!f(string=blue)
   Built test string   : %!f(string= blue)
   Adding this color to temp tree: [%!f(string=; blue;R 0;G 0;B 255;T 255)]
-   Count: %!f(int=1)
-   Elapsed : %!f(int=1)
  Creating point : %!f(string=;X 23;Y 8; blue)
 Cleaned Element : %!f(string=;X 24;Y 8; blue)
   Found existing color/alias : %!f(string= blue)
   Checking this color : %!f(string=blue)
   Built test string   : %!f(string= blue)
   Adding this color to temp tree: [%!f(string=; blue;R 0;G 0;B 255;T 255)]
-   Count: %!f(int=1)
-   Elapsed : %!f(int=1)
   Found existing color/alias : %!f(string= blue)
   Checking this color : %!f(string=blue)
   Built test string   : %!f(string= blue)
   Adding this color to temp tree: [%!f(string=; blue;R 0;G 0;B 255;T 255)]
-   Count: %!f(int=1)
-   Elapsed : %!f(int=1)
  Creating point : %!f(string=;X 24;Y 8; blue)
 Cleaned Element : %!f(string=;X 25;Y 8; blue)
   Found existing color/alias : %!f(string= blue)
   Checking this color : %!f(string=blue)
   Built test string   : %!f(string= blue)
   Adding this color to temp tree: [%!f(string=; blue;R 0;G 0;B 255;T 255)]
-   Count: %!f(int=1)
-   Elapsed : %!f(int=1)
   Found existing color/alias : %!f(string= blue)
   Checking this color : %!f(string=blue)
   Built test string   : %!f(string= blue)
   Adding this color to temp tree: [%!f(string=; blue;R 0;G 0;B 255;T 255)]
-   Count: %!f(int=1)
-   Elapsed : %!f(int=1)
  Creating point : %!f(string=;X 25;Y 8; blue)
 Cleaned Element : %!f(string=;X 26;Y 8; blue)
   Found existing color/alias : %!f(string= blue)
   Checking this color : %!f(string=blue)
   Built test string   : %!f(string= blue)
   Adding this color to temp tree: [%!f(string=; blue;R 0;G 0;B 255;T 255)]
-   Count: %!f(int=1)
-   Elapsed : %!f(int=1)
   Found existing color/alias : %!f(string= blue)
   Checking this color : %!f(string=blue)
   Built test string   : %!f(string= blue)
   Adding this color to temp tree: [%!f(string=; blue;R 0;G 0;B 255;T 255)]
-   Count: %!f(int=1)
-   Elapsed : %!f(int=1)
  Creating point : %!f(string=;X 26;Y 8; blue)
 Cleaned Element : %!f(string=;X 23;Y 9; blue)
   Found existing color/alias : %!f(string= blue)
   Checking this color : %!f(string=blue)
   Built test string   : %!f(string= blue)
   Adding this color to temp tree: [%!f(string=; blue;R 0;G 0;B 255;T 255)]
-   Count: %!f(int=1)
-   Elapsed : %!f(int=1)
   Found existing color/alias : %!f(string= blue)
   Checking this color : %!f(string=blue)
   Built test string   : %!f(string= blue)
   Adding this color to temp tree: [%!f(string=; blue;R 0;G 0;B 255;T 255)]
-   Count: %!f(int=1)
-   Elapsed : %!f(int=1)
  Creating point : %!f(string=;X 23;Y 9; blue)
 Cleaned Element : %!f(string=;X 24;Y 9; blue)
   Found existing color/alias : %!f(string= blue)
   Checking this color : %!f(string=blue)
   Built test string   : %!f(string= blue)
   Adding this color to temp tree: [%!f(string=; blue;R 0;G 0;B 255;T 255)]
-   Count: %!f(int=1)
-   Elapsed : %!f(int=1)
   Found existing color/alias : %!f(string= blue)
   Checking this color : %!f(string=blue)
   Built test string   : %!f(string= blue)
   Adding this color to temp tree: [%!f(string=; blue;R 0;G 0;B 255;T 255)]
-   Count: %!f(int=1)
-   Elapsed : %!f(int=1)
  Creating point : %!f(string=;X 24;Y 9; blue)
 Cleaned Element : %!f(string=;X 25;Y 9; blue)
   Found existing color/alias : %!f(string= blue)
   Checking this color : %!f(string=blue)
   Built test string   : %!f(string= blue)
   Adding this color to temp tree: [%!f(string=; blue;R 0;G 0;B 255;T 255)]
-   Count: %!f(int=1)
-   Elapsed : %!f(int=1)
   Found existing color/alias : %!f(string= blue)
   Checking this color : %!f(string=blue)
   Built test string   : %!f(string= blue)
   Adding this color to temp tree: [%!f(string=; blue;R 0;G 0;B 255;T 255)]
-   Count: %!f(int=1)
-   Elapsed : %!f(int=1)
  Creating point : %!f(string=;X 25;Y 9; blue)
 Cleaned Element : %!f(string=;X 26;Y 9; blue)
   Found existing color/alias : %!f(string= blue)
   Checking this color : %!f(string=blue)
   Built test string   : %!f(string= blue)
   Adding this color to temp tree: [%!f(string=; blue;R 0;G 0;B 255;T 255)]
-   Count: %!f(int=1)
-   Elapsed : %!f(int=1)
   Found existing color/alias : %!f(string= blue)
   Checking this color : %!f(string=blue)
   Built test string   : %!f(string= blue)
   Adding this color to temp tree: [%!f(string=; blue;R 0;G 0;B 255;T 255)]
-   Count: %!f(int=1)
-   Elapsed : %!f(int=1)
  Creating point : %!f(string=;X 26;Y 9; blue)
 Cleaned Element : %!f(string=;X 23;Y 10; blue)
   Found existing color/alias : %!f(string= blue)
   Checking this color : %!f(string=blue)
   Built test string   : %!f(string= blue)
   Adding this color to temp tree: [%!f(string=; blue;R 0;G 0;B 255;T 255)]
-   Count: %!f(int=1)
-   Elapsed : %!f(int=1)
   Found existing color/alias : %!f(string= blue)
   Checking this color : %!f(string=blue)
   Built test string   : %!f(string= blue)
   Adding this color to temp tree: [%!f(string=; blue;R 0;G 0;B 255;T 255)]
-   Count: %!f(int=1)
-   Elapsed : %!f(int=1)
  Creating point : %!f(string=;X 23;Y 10; blue)
 Cleaned Element : %!f(string=;X 24;Y 10; blue)
   Found existing color/alias : %!f(string= blue)
   Checking this color : %!f(string=blue)
   Built test string   : %!f(string= blue)
   Adding this color to temp tree: [%!f(string=; blue;R 0;G 0;B 255;T 255)]
-   Count: %!f(int=1)
-   Elapsed : %!f(int=1)
   Found existing color/alias : %!f(string= blue)
   Checking this color : %!f(string=blue)
   Built test string   : %!f(string= blue)
   Adding this color to temp tree: [%!f(string=; blue;R 0;G 0;B 255;T 255)]
-   Count: %!f(int=1)
-   Elapsed : %!f(int=1)
  Creating point : %!f(string=;X 24;Y 10; blue)
 Cleaned Element : %!f(string=;X 25;Y 10; blue)
   Found existing color/alias : %!f(string= blue)
   Checking this color : %!f(string=blue)
   Built test string   : %!f(string= blue)
   Adding this color to temp tree: [%!f(string=; blue;R 0;G 0;B 255;T 255)]
-   Count: %!f(int=1)
-   Elapsed : %!f(int=1)
   Found existing color/alias : %!f(string= blue)
   Checking this color : %!f(string=blue)
   Built test string   : %!f(string= blue)
   Adding this color to temp tree: [%!f(string=; blue;R 0;G 0;B 255;T 255)]
-   Count: %!f(int=1)
-   Elapsed : %!f(int=1)
  Creating point : %!f(string=;X 25;Y 10; blue)
 Cleaned Element : %!f(string=;X 26;Y 10; blue)
   Found existing color/alias : %!f(string= blue)
   Checking this color : %!f(string=blue)
   Built test string   : %!f(string= blue)
   Adding this color to temp tree: [%!f(string=; blue;R 0;G 0;B 255;T 255)]
-   Count: %!f(int=1)
-   Elapsed : %!f(int=1)
   Found existing color/alias : %!f(string= blue)
   Checking this color : %!f(string=blue)
   Built test string   : %!f(string= blue)
   Adding this color to temp tree: [%!f(string=; blue;R 0;G 0;B 255;T 255)]
-   Count: %!f(int=1)
-   Elapsed : %!f(int=1)
  Creating point : %!f(string=;X 26;Y 10; blue)
 Cleaned Element : %!f(string=;X 23;Y 11; blue)
   Found existing color/alias : %!f(string= blue)
   Checking this color : %!f(string=blue)
   Built test string   : %!f(string= blue)
   Adding this color to temp tree: [%!f(string=; blue;R 0;G 0;B 255;T 255)]
-   Count: %!f(int=1)
-   Elapsed : %!f(int=1)
   Found existing color/alias : %!f(string= blue)
   Checking this color : %!f(string=blue)
   Built test string   : %!f(string= blue)
   Adding this color to temp tree: [%!f(string=; blue;R 0;G 0;B 255;T 255)]
-   Count: %!f(int=1)
-   Elapsed : %!f(int=1)
  Creating point : %!f(string=;X 23;Y 11; blue)
 Cleaned Element : %!f(string=;X 24;Y 11; blue)
   Found existing color/alias : %!f(string= blue)
   Checking this color : %!f(string=blue)
   Built test string   : %!f(string= blue)
   Adding this color to temp tree: [%!f(string=; blue;R 0;G 0;B 255;T 255)]
-   Count: %!f(int=1)
-   Elapsed : %!f(int=1)
   Found existing color/alias : %!f(string= blue)
   Checking this color : %!f(string=blue)
   Built test string   : %!f(string= blue)
   Adding this color to temp tree: [%!f(string=; blue;R 0;G 0;B 255;T 255)]
-   Count: %!f(int=1)
-   Elapsed : %!f(int=1)
  Creating point : %!f(string=;X 24;Y 11; blue)
 Cleaned Element : %!f(string=;X 25;Y 11; blue)
   Found existing color/alias : %!f(string= blue)
   Checking this color : %!f(string=blue)
   Built test string   : %!f(string= blue)
   Adding this color to temp tree: [%!f(string=; blue;R 0;G 0;B 255;T 255)]
-   Count: %!f(int=1)
-   Elapsed : %!f(int=1)
   Found existing color/alias : %!f(string= blue)
   Checking this color : %!f(string=blue)
   Built test string   : %!f(string= blue)
   Adding this color to temp tree: [%!f(string=; blue;R 0;G 0;B 255;T 255)]
-   Count: %!f(int=1)
-   Elapsed : %!f(int=1)
  Creating point : %!f(string=;X 25;Y 11; blue)
 Cleaned Element : %!f(string=;X 26;Y 11; blue)
   Found existing color/alias : %!f(string= blue)
   Checking this color : %!f(string=blue)
   Built test string   : %!f(string= blue)
   Adding this color to temp tree: [%!f(string=; blue;R 0;G 0;B 255;T 255)]
-   Count: %!f(int=1)
-   Elapsed : %!f(int=1)
   Found existing color/alias : %!f(string= blue)
   Checking this color : %!f(string=blue)
   Built test string   : %!f(string= blue)
   Adding this color to temp tree: [%!f(string=; blue;R 0;G 0;B 255;T 255)]
-   Count: %!f(int=1)
-   Elapsed : %!f(int=1)
  Creating point : %!f(string=;X 26;Y 11; blue)
 Cleaned Element : %!f(string=;X 23;Y 12; blue)
   Found existing color/alias : %!f(string= blue)
   Checking this color : %!f(string=blue)
   Built test string   : %!f(string= blue)
   Adding this color to temp tree: [%!f(string=; blue;R 0;G 0;B 255;T 255)]
-   Count: %!f(int=1)
-   Elapsed : %!f(int=1)
   Found existing color/alias : %!f(string= blue)
   Checking this color : %!f(string=blue)
   Built test string   : %!f(string= blue)
   Adding this color to temp tree: [%!f(string=; blue;R 0;G 0;B 255;T 255)]
-   Count: %!f(int=1)
-   Elapsed : %!f(int=1)
  Creating point : %!f(string=;X 23;Y 12; blue)
 Cleaned Element : %!f(string=;X 24;Y 12; blue)
   Found existing color/alias : %!f(string= blue)
   Checking this color : %!f(string=blue)
   Built test string   : %!f(string= blue)
   Adding this color to temp tree: [%!f(string=; blue;R 0;G 0;B 255;T 255)]
-   Count: %!f(int=1)
-   Elapsed : %!f(int=1)
   Found existing color/alias : %!f(string= blue)
   Checking this color : %!f(string=blue)
   Built test string   : %!f(string= blue)
   Adding this color to temp tree: [%!f(string=; blue;R 0;G 0;B 255;T 255)]
-   Count: %!f(int=1)
-   Elapsed : %!f(int=1)
  Creating point : %!f(string=;X 24;Y 12; blue)
 Cleaned Element : %!f(string=;X 25;Y 12; blue)
   Found existing color/alias : %!f(string= blue)
   Checking this color : %!f(string=blue)
   Built test string   : %!f(string= blue)
   Adding this color to temp tree: [%!f(string=; blue;R 0;G 0;B 255;T 255)]
-   Count: %!f(int=1)
-   Elapsed : %!f(int=1)
   Found existing color/alias : %!f(string= blue)
   Checking this color : %!f(string=blue)
   Built test string   : %!f(string= blue)
   Adding this color to temp tree: [%!f(string=; blue;R 0;G 0;B 255;T 255)]
-   Count: %!f(int=1)
-   Elapsed : %!f(int=1)
  Creating point : %!f(string=;X 25;Y 12; blue)
 Cleaned Element : %!f(string=;X 26;Y 12; blue)
   Found existing color/alias : %!f(string= blue)
   Checking this color : %!f(string=blue)
   Built test string   : %!f(string= blue)
   Adding this color to temp tree: [%!f(string=; blue;R 0;G 0;B 255;T 255)]
-   Count: %!f(int=1)
-   Elapsed : %!f(int=1)
   Found existing color/alias : %!f(string= blue)
   Checking this color : %!f(string=blue)
   Built test string   : %!f(string= blue)
   Adding this color to temp tree: [%!f(string=; blue;R 0;G 0;B 255;T 255)]
-   Count: %!f(int=1)
-   Elapsed : %!f(int=1)
  Creating point : %!f(string=;X 26;Y 12; blue)
 Cleaned Element : %!f(string=;X 23;Y 13; blue)
   Found existing color/alias : %!f(string= blue)
   Checking this color : %!f(string=blue)
   Built test string   : %!f(string= blue)
   Adding this color to temp tree: [%!f(string=; blue;R 0;G 0;B 255;T 255)]
-   Count: %!f(int=1)
-   Elapsed : %!f(int=1)
   Found existing color/alias : %!f(string= blue)
   Checking this color : %!f(string=blue)
   Built test string   : %!f(string= blue)
   Adding this color to temp tree: [%!f(string=; blue;R 0;G 0;B 255;T 255)]
-   Count: %!f(int=1)
-   Elapsed : %!f(int=1)
  Creating point : %!f(string=;X 23;Y 13; blue)
 Cleaned Element : %!f(string=;X 24;Y 13; blue)
   Found existing color/alias : %!f(string= blue)
   Checking this color : %!f(string=blue)
   Built test string   : %!f(string= blue)
   Adding this color to temp tree: [%!f(string=; blue;R 0;G 0;B 255;T 255)]
-   Count: %!f(int=1)
-   Elapsed : %!f(int=1)
   Found existing color/alias : %!f(string= blue)
   Checking this color : %!f(string=blue)
   Built test string   : %!f(string= blue)
   Adding this color to temp tree: [%!f(string=; blue;R 0;G 0;B 255;T 255)]
-   Count: %!f(int=1)
-   Elapsed : %!f(int=1)
  Creating point : %!f(string=;X 24;Y 13; blue)
 Cleaned Element : %!f(string=;X 25;Y 13; blue)
   Found existing color/alias : %!f(string= blue)
   Checking this color : %!f(string=blue)
   Built test string   : %!f(string= blue)
   Adding this color to temp tree: [%!f(string=; blue;R 0;G 0;B 255;T 255)]
-   Count: %!f(int=1)
-   Elapsed : %!f(int=1)
   Found existing color/alias : %!f(string= blue)
   Checking this color : %!f(string=blue)
   Built test string   : %!f(string= blue)
   Adding this color to temp tree: [%!f(string=; blue;R 0;G 0;B 255;T 255)]
-   Count: %!f(int=1)
-   Elapsed : %!f(int=1)
  Creating point : %!f(string=;X 25;Y 13; blue)
 Cleaned Element : %!f(string=;X 26;Y 13; blue)
   Found existing color/alias : %!f(string= blue)
   Checking this color : %!f(string=blue)
   Built test string   : %!f(string= blue)
   Adding this color to temp tree: [%!f(string=; blue;R 0;G 0;B 255;T 255)]
-   Count: %!f(int=1)
-   Elapsed : %!f(int=1)
   Found existing color/alias : %!f(string= blue)
   Checking this color : %!f(string=blue)
   Built test string   : %!f(string= blue)
   Adding this color to temp tree: [%!f(string=; blue;R 0;G 0;B 255;T 255)]
-   Count: %!f(int=1)
-   Elapsed : %!f(int=1)
  Creating point : %!f(string=;X 26;Y 13; blue)
 Cleaned Element : %!f(string=;X 23;Y 14; blue)
   Found existing color/alias : %!f(string= blue)
   Checking this color : %!f(string=blue)
   Built test string   : %!f(string= blue)
   Adding this color to temp tree: [%!f(string=; blue;R 0;G 0;B 255;T 255)]
-   Count: %!f(int=1)
-   Elapsed : %!f(int=1)
   Found existing color/alias : %!f(string= blue)
   Checking this color : %!f(string=blue)
   Built test string   : %!f(string= blue)
   Adding this color to temp tree: [%!f(string=; blue;R 0;G 0;B 255;T 255)]
-   Count: %!f(int=1)
-   Elapsed : %!f(int=1)
  Creating point : %!f(string=;X 23;Y 14; blue)
 Cleaned Element : %!f(string=;X 24;Y 14; blue)
   Found existing color/alias : %!f(string= blue)
   Checking this color : %!f(string=blue)
   Built test string   : %!f(string= blue)
   Adding this color to temp tree: [%!f(string=; blue;R 0;G 0;B 255;T 255)]
-   Count: %!f(int=1)
-   Elapsed : %!f(int=1)
   Found existing color/alias : %!f(string= blue)
   Checking this color : %!f(string=blue)
   Built test string   : %!f(string= blue)
   Adding this color to temp tree: [%!f(string=; blue;R 0;G 0;B 255;T 255)]
-   Count: %!f(int=1)
-   Elapsed : %!f(int=1)
  Creating point : %!f(string=;X 24;Y 14; blue)
 Cleaned Element : %!f(string=;X 25;Y 14; blue)
   Found existing color/alias : %!f(string= blue)
   Checking this color : %!f(string=blue)
   Built test string   : %!f(string= blue)
   Adding this color to temp tree: [%!f(string=; blue;R 0;G 0;B 255;T 255)]
-   Count: %!f(int=1)
-   Elapsed : %!f(int=1)
   Found existing color/alias : %!f(string= blue)
   Checking this color : %!f(string=blue)
   Built test string   : %!f(string= blue)
   Adding this color to temp tree: [%!f(string=; blue;R 0;G 0;B 255;T 255)]
-   Count: %!f(int=1)
-   Elapsed : %!f(int=1)
  Creating point : %!f(string=;X 25;Y 14; blue)
 Cleaned Element : %!f(string=;X 26;Y 14; blue)
   Found existing color/alias : %!f(string= blue)
   Checking this color : %!f(string=blue)
   Built test string   : %!f(string= blue)
   Adding this color to temp tree: [%!f(string=; blue;R 0;G 0;B 255;T 255)]
-   Count: %!f(int=1)
-   Elapsed : %!f(int=1)
   Found existing color/alias : %!f(string= blue)
   Checking this color : %!f(string=blue)
   Built test string   : %!f(string= blue)
   Adding this color to temp tree: [%!f(string=; blue;R 0;G 0;B 255;T 255)]
-   Count: %!f(int=1)
-   Elapsed : %!f(int=1)
  Creating point : %!f(string=;X 26;Y 14; blue)
 Cleaned Element : %!f(string=;X 23;Y 15; blue)
   Found existing color/alias : %!f(string= blue)
   Checking this color : %!f(string=blue)
   Built test string   : %!f(string= blue)
   Adding this color to temp tree: [%!f(string=; blue;R 0;G 0;B 255;T 255)]
-   Count: %!f(int=1)
-   Elapsed : %!f(int=1)
   Found existing color/alias : %!f(string= blue)
   Checking this color : %!f(string=blue)
   Built test string   : %!f(string= blue)
   Adding this color to temp tree: [%!f(string=; blue;R 0;G 0;B 255;T 255)]
-   Count: %!f(int=1)
-   Elapsed : %!f(int=1)
  Creating point : %!f(string=;X 23;Y 15; blue)
 Cleaned Element : %!f(string=;X 24;Y 15; blue)
   Found existing color/alias : %!f(string= blue)
   Checking this color : %!f(string=blue)
   Built test string   : %!f(string= blue)
   Adding this color to temp tree: [%!f(string=; blue;R 0;G 0;B 255;T 255)]
-   Count: %!f(int=1)
-   Elapsed : %!f(int=1)
   Found existing color/alias : %!f(string= blue)
   Checking this color : %!f(string=blue)
   Built test string   : %!f(string= blue)
   Adding this color to temp tree: [%!f(string=; blue;R 0;G 0;B 255;T 255)]
-   Count: %!f(int=1)
-   Elapsed : %!f(int=1)
  Creating point : %!f(string=;X 24;Y 15; blue)
 Cleaned Element : %!f(string=;X 25;Y 15; blue)
   Found existing color/alias : %!f(string= blue)
   Checking this color : %!f(string=blue)
   Built test string   : %!f(string= blue)
   Adding this color to temp tree: [%!f(string=; blue;R 0;G 0;B 255;T 255)]
-   Count: %!f(int=1)
-   Elapsed : %!f(int=1)
   Found existing color/alias : %!f(string= blue)
   Checking this color : %!f(string=blue)
   Built test string   : %!f(string= blue)
   Adding this color to temp tree: [%!f(string=; blue;R 0;G 0;B 255;T 255)]
-   Count: %!f(int=1)
-   Elapsed : %!f(int=1)
  Creating point : %!f(string=;X 25;Y 15; blue)
 Cleaned Element : %!f(string=;X 26;Y 15; blue)
   Found existing color/alias : %!f(string= blue)
   Checking this color : %!f(string=blue)
   Built test string   : %!f(string= blue)
   Adding this color to temp tree: [%!f(string=; blue;R 0;G 0;B 255;T 255)]
-   Count: %!f(int=1)
-   Elapsed : %!f(int=1)
   Found existing color/alias : %!f(string= blue)
   Checking this color : %!f(string=blue)
   Built test string   : %!f(string= blue)
   Adding this color to temp tree: [%!f(string=; blue;R 0;G 0;B 255;T 255)]
-   Count: %!f(int=1)
-   Elapsed : %!f(int=1)
  Creating point : %!f(string=;X 26;Y 15; blue)
 Cleaned Element : %!f(string=;X 23;Y 16; blue)
   Found existing color/alias : %!f(string= blue)
   Checking this color : %!f(string=blue)
   Built test string   : %!f(string= blue)
   Adding this color to temp tree: [%!f(string=; blue;R 0;G 0;B 255;T 255)]
-   Count: %!f(int=1)
-   Elapsed : %!f(int=1)
   Found existing color/alias : %!f(string= blue)
   Checking this color : %!f(string=blue)
   Built test string   : %!f(string= blue)
   Adding this color to temp tree: [%!f(string=; blue;R 0;G 0;B 255;T 255)]
-   Count: %!f(int=1)
-   Elapsed : %!f(int=1)
  Creating point : %!f(string=;X 23;Y 16; blue)
 Cleaned Element : %!f(string=;X 24;Y 16; blue)
   Found existing color/alias : %!f(string= blue)
   Checking this color : %!f(string=blue)
   Built test string   : %!f(string= blue)
   Adding this color to temp tree: [%!f(string=; blue;R 0;G 0;B 255;T 255)]
-   Count: %!f(int=1)
-   Elapsed : %!f(int=1)
   Found existing color/alias : %!f(string= blue)
   Checking this color : %!f(string=blue)
   Built test string   : %!f(string= blue)
   Adding this color to temp tree: [%!f(string=; blue;R 0;G 0;B 255;T 255)]
-   Count: %!f(int=1)
-   Elapsed : %!f(int=1)
  Creating point : %!f(string=;X 24;Y 16; blue)
 Cleaned Element : %!f(string=;X 25;Y 16; blue)
   Found existing color/alias : %!f(string= blue)
   Checking this color : %!f(string=blue)
   Built test string   : %!f(string= blue)
   Adding this color to temp tree: [%!f(string=; blue;R 0;G 0;B 255;T 255)]
-   Count: %!f(int=1)
-   Elapsed : %!f(int=1)
   Found existing color/alias : %!f(string= blue)
   Checking this color : %!f(string=blue)
   Built test string   : %!f(string= blue)
   Adding this color to temp tree: [%!f(string=; blue;R 0;G 0;B 255;T 255)]
-   Count: %!f(int=1)
-   Elapsed : %!f(int=1)
  Creating point : %!f(string=;X 25;Y 16; blue)
 Cleaned Element : %!f(string=;X 26;Y 16; blue)
   Found existing color/alias : %!f(string= blue)
   Checking this color : %!f(string=blue)
   Built test string   : %!f(string= blue)
   Adding this color to temp tree: [%!f(string=; blue;R 0;G 0;B 255;T 255)]
-   Count: %!f(int=1)
-   Elapsed : %!f(int=1)
   Found existing color/alias : %!f(string= blue)
   Checking this color : %!f(string=blue)
   Built test string   : %!f(string= blue)
   Adding this color to temp tree: [%!f(string=; blue;R 0;G 0;B 255;T 255)]
-   Count: %!f(int=1)
-   Elapsed : %!f(int=1)
  Creating point : %!f(string=;X 26;Y 16; blue)
 Cleaned Element : %!f(string=;X 23;Y 17; blue)
   Found existing color/alias : %!f(string= blue)
   Checking this color : %!f(string=blue)
   Built test string   : %!f(string= blue)
   Adding this color to temp tree: [%!f(string=; blue;R 0;G 0;B 255;T 255)]
-   Count: %!f(int=1)
-   Elapsed : %!f(int=1)
   Found existing color/alias : %!f(string= blue)
   Checking this color : %!f(string=blue)
   Built test string   : %!f(string= blue)
   Adding this color to temp tree: [%!f(string=; blue;R 0;G 0;B 255;T 255)]
-   Count: %!f(int=1)
-   Elapsed : %!f(int=1)
  Creating point : %!f(string=;X 23;Y 17; blue)
 Cleaned Element : %!f(string=;X 24;Y 17; blue)
   Found existing color/alias : %!f(string= blue)
   Checking this color : %!f(string=blue)
   Built test string   : %!f(string= blue)
   Adding this color to temp tree: [%!f(string=; blue;R 0;G 0;B 255;T 255)]
-   Count: %!f(int=1)
-   Elapsed : %!f(int=1)
   Found existing color/alias : %!f(string= blue)
   Checking this color : %!f(string=blue)
   Built test string   : %!f(string= blue)
   Adding this color to temp tree: [%!f(string=; blue;R 0;G 0;B 255;T 255)]
-   Count: %!f(int=1)
-   Elapsed : %!f(int=1)
  Creating point : %!f(string=;X 24;Y 17; blue)
 Cleaned Element : %!f(string=;X 25;Y 17; blue)
   Found existing color/alias : %!f(string= blue)
   Checking this color : %!f(string=blue)
   Built test string   : %!f(string= blue)
   Adding this color to temp tree: [%!f(string=; blue;R 0;G 0;B 255;T 255)]
-   Count: %!f(int=1)
-   Elapsed : %!f(int=1)
   Found existing color/alias : %!f(string= blue)
   Checking this color : %!f(string=blue)
   Built test string   : %!f(string= blue)
   Adding this color to temp tree: [%!f(string=; blue;R 0;G 0;B 255;T 255)]
-   Count: %!f(int=1)
-   Elapsed : %!f(int=1)
  Creating point : %!f(string=;X 25;Y 17; blue)
 Cleaned Element : %!f(string=;X 26;Y 17; blue)
   Found existing color/alias : %!f(string= blue)
   Checking this color : %!f(string=blue)
   Built test string   : %!f(string= blue)
   Adding this color to temp tree: [%!f(string=; blue;R 0;G 0;B 255;T 255)]
-   Count: %!f(int=1)
-   Elapsed : %!f(int=1)
   Found existing color/alias : %!f(string= blue)
   Checking this color : %!f(string=blue)
   Built test string   : %!f(string= blue)
   Adding this color to temp tree: [%!f(string=; blue;R 0;G 0;B 255;T 255)]
-   Count: %!f(int=1)
-   Elapsed : %!f(int=1)
  Creating point : %!f(string=;X 26;Y 17; blue)
 Cleaned Element : %!f(string=;X 23;Y 18; blue)
   Found existing color/alias : %!f(string= blue)
   Checking this color : %!f(string=blue)
   Built test string   : %!f(string= blue)
   Adding this color to temp tree: [%!f(string=; blue;R 0;G 0;B 255;T 255)]
-   Count: %!f(int=1)
-   Elapsed : %!f(int=1)
   Found existing color/alias : %!f(string= blue)
   Checking this color : %!f(string=blue)
   Built test string   : %!f(string= blue)
   Adding this color to temp tree: [%!f(string=; blue;R 0;G 0;B 255;T 255)]
-   Count: %!f(int=1)
-   Elapsed : %!f(int=1)
  Creating point : %!f(string=;X 23;Y 18; blue)
 Cleaned Element : %!f(string=;X 24;Y 18; blue)
   Found existing color/alias : %!f(string= blue)
   Checking this color : %!f(string=blue)
   Built test string   : %!f(string= blue)
   Adding this color to temp tree: [%!f(string=; blue;R 0;G 0;B 255;T 255)]
-   Count: %!f(int=1)
-   Elapsed : %!f(int=1)
   Found existing color/alias : %!f(string= blue)
   Checking this color : %!f(string=blue)
   Built test string   : %!f(string= blue)
   Adding this color to temp tree: [%!f(string=; blue;R 0;G 0;B 255;T 255)]
-   Count: %!f(int=1)
-   Elapsed : %!f(int=1)
  Creating point : %!f(string=;X 24;Y 18; blue)
 Cleaned Element : %!f(string=;X 25;Y 18; blue)
   Found existing color/alias : %!f(string= blue)
   Checking this color : %!f(string=blue)
   Built test string   : %!f(string= blue)
   Adding this color to temp tree: [%!f(string=; blue;R 0;G 0;B 255;T 255)]
-   Count: %!f(int=1)
-   Elapsed : %!f(int=1)
   Found existing color/alias : %!f(string= blue)
   Checking this color : %!f(string=blue)
   Built test string   : %!f(string= blue)
   Adding this color to temp tree: [%!f(string=; blue;R 0;G 0;B 255;T 255)]
-   Count: %!f(int=1)
-   Elapsed : %!f(int=1)
  Creating point : %!f(string=;X 25;Y 18; blue)
 Cleaned Element : %!f(string=;X 26;Y 18; blue)
   Found existing color/alias : %!f(string= blue)
   Checking this color : %!f(string=blue)
   Built test string   : %!f(string= blue)
   Adding this color to temp tree: [%!f(string=; blue;R 0;G 0;B 255;T 255)]
-   Count: %!f(int=1)
-   Elapsed : %!f(int=1)
   Found existing color/alias : %!f(string= blue)
   Checking this color : %!f(string=blue)
   Built test string   : %!f(string= blue)
   Adding this color to temp tree: [%!f(string=; blue;R 0;G 0;B 255;T 255)]
-   Count: %!f(int=1)
-   Elapsed : %!f(int=1)
  Creating point : %!f(string=;X 26;Y 18; blue)
 Cleaned Element : %!f(string=;X 23;Y 19; blue)
   Found existing color/alias : %!f(string= blue)
   Checking this color : %!f(string=blue)
   Built test string   : %!f(string= blue)
   Adding this color to temp tree: [%!f(string=; blue;R 0;G 0;B 255;T 255)]
-   Count: %!f(int=1)
-   Elapsed : %!f(int=1)
   Found existing color/alias : %!f(string= blue)
   Checking this color : %!f(string=blue)
   Built test string   : %!f(string= blue)
   Adding this color to temp tree: [%!f(string=; blue;R 0;G 0;B 255;T 255)]
-   Count: %!f(int=1)
-   Elapsed : %!f(int=1)
  Creating point : %!f(string=;X 23;Y 19; blue)
 Cleaned Element : %!f(string=;X 24;Y 19; blue)
   Found existing color/alias : %!f(string= blue)
   Checking this color : %!f(string=blue)
   Built test string   : %!f(string= blue)
   Adding this color to temp tree: [%!f(string=; blue;R 0;G 0;B 255;T 255)]
-   Count: %!f(int=1)
-   Elapsed : %!f(int=1)
   Found existing color/alias : %!f(string= blue)
   Checking this color : %!f(string=blue)
   Built test string   : %!f(string= blue)
   Adding this color to temp tree: [%!f(string=; blue;R 0;G 0;B 255;T 255)]
-   Count: %!f(int=1)
-   Elapsed : %!f(int=1)
  Creating point : %!f(string=;X 24;Y 19; blue)
 Cleaned Element : %!f(string=;X 25;Y 19; blue)
   Found existing color/alias : %!f(string= blue)
   Checking this color : %!f(string=blue)
   Built test string   : %!f(string= blue)
   Adding this color to temp tree: [%!f(string=; blue;R 0;G 0;B 255;T 255)]
-   Count: %!f(int=1)
-   Elapsed : %!f(int=1)
   Found existing color/alias : %!f(string= blue)
   Checking this color : %!f(string=blue)
   Built test string   : %!f(string= blue)
   Adding this color to temp tree: [%!f(string=; blue;R 0;G 0;B 255;T 255)]
-   Count: %!f(int=1)
-   Elapsed : %!f(int=1)
  Creating point : %!f(string=;X 25;Y 19; blue)
 Cleaned Element : %!f(string=;X 26;Y 19; blue)
   Found existing color/alias : %!f(string= blue)
   Checking this color : %!f(string=blue)
   Built test string   : %!f(string= blue)
   Adding this color to temp tree: [%!f(string=; blue;R 0;G 0;B 255;T 255)]
-   Count: %!f(int=1)
-   Elapsed : %!f(int=1)
   Found existing color/alias : %!f(string= blue)
   Checking this color : %!f(string=blue)
   Built test string   : %!f(string= blue)
   Adding this color to temp tree: [%!f(string=; blue;R 0;G 0;B 255;T 255)]
-   Count: %!f(int=1)
-   Elapsed : %!f(int=1)
  Creating point : %!f(string=;X 26;Y 19; blue)
 Cleaned Element : %!f(string=;X 23;Y 20; blue)
   Found existing color/alias : %!f(string= blue)
   Checking this color : %!f(string=blue)
   Built test string   : %!f(string= blue)
   Adding this color to temp tree: [%!f(string=; blue;R 0;G 0;B 255;T 255)]
-   Count: %!f(int=1)
-   Elapsed : %!f(int=1)
   Found existing color/alias : %!f(string= blue)
   Checking this color : %!f(string=blue)
   Built test string   : %!f(string= blue)
   Adding this color to temp tree: [%!f(string=; blue;R 0;G 0;B 255;T 255)]
-   Count: %!f(int=1)
-   Elapsed : %!f(int=1)
  Creating point : %!f(string=;X 23;Y 20; blue)
 Cleaned Element : %!f(string=;X 24;Y 20; blue)
   Found existing color/alias : %!f(string= blue)
   Checking this color : %!f(string=blue)
   Built test string   : %!f(string= blue)
   Adding this color to temp tree: [%!f(string=; blue;R 0;G 0;B 255;T 255)]
-   Count: %!f(int=1)
-   Elapsed : %!f(int=1)
   Found existing color/alias : %!f(string= blue)
   Checking this color : %!f(string=blue)
   Built test string   : %!f(string= blue)
   Adding this color to temp tree: [%!f(string=; blue;R 0;G 0;B 255;T 255)]
-   Count: %!f(int=1)
-   Elapsed : %!f(int=1)
  Creating point : %!f(string=;X 24;Y 20; blue)
 Cleaned Element : %!f(string=;X 25;Y 20; blue)
   Found existing color/alias : %!f(string= blue)
   Checking this color : %!f(string=blue)
   Built test string   : %!f(string= blue)
   Adding this color to temp tree: [%!f(string=; blue;R 0;G 0;B 255;T 255)]
-   Count: %!f(int=1)
-   Elapsed : %!f(int=1)
   Found existing color/alias : %!f(string= blue)
   Checking this color : %!f(string=blue)
   Built test string   : %!f(string= blue)
   Adding this color to temp tree: [%!f(string=; blue;R 0;G 0;B 255;T 255)]
-   Count: %!f(int=1)
-   Elapsed : %!f(int=1)
  Creating point : %!f(string=;X 25;Y 20; blue)
 Cleaned Element : %!f(string=;X 26;Y 20; blue)
   Found existing color/alias : %!f(string= blue)
   Checking this color : %!f(string=blue)
   Built test string   : %!f(string= blue)
   Adding this color to temp tree: [%!f(string=; blue;R 0;G 0;B 255;T 255)]
-   Count: %!f(int=1)
-   Elapsed : %!f(int=1)
   Found existing color/alias : %!f(string= blue)
   Checking this color : %!f(string=blue)
   Built test string   : %!f(string= blue)
   Adding this color to temp tree: [%!f(string=; blue;R 0;G 0;B 255;T 255)]
-   Count: %!f(int=1)
-   Elapsed : %!f(int=1)
  Creating point : %!f(string=;X 26;Y 20; blue)
 Cleaned Element : %!f(string=;X 23;Y 21; blue)
   Found existing color/alias : %!f(string= blue)
   Checking this color : %!f(string=blue)
   Built test string   : %!f(string= blue)
   Adding this color to temp tree: [%!f(string=; blue;R 0;G 0;B 255;T 255)]
-   Count: %!f(int=1)
-   Elapsed : %!f(int=1)
   Found existing color/alias : %!f(string= blue)
   Checking this color : %!f(string=blue)
   Built test string   : %!f(string= blue)
   Adding this color to temp tree: [%!f(string=; blue;R 0;G 0;B 255;T 255)]
-   Count: %!f(int=1)
-   Elapsed : %!f(int=1)
  Creating point : %!f(string=;X 23;Y 21; blue)
 Cleaned Element : %!f(string=;X 24;Y 21; blue)
   Found existing color/alias : %!f(string= blue)
   Checking this color : %!f(string=blue)
   Built test string   : %!f(string= blue)
   Adding this color to temp tree: [%!f(string=; blue;R 0;G 0;B 255;T 255)]
-   Count: %!f(int=1)
-   Elapsed : %!f(int=1)
   Found existing color/alias : %!f(string= blue)
   Checking this color : %!f(string=blue)
   Built test string   : %!f(string= blue)
   Adding this color to temp tree: [%!f(string=; blue;R 0;G 0;B 255;T 255)]
-   Count: %!f(int=1)
-   Elapsed : %!f(int=1)
  Creating point : %!f(string=;X 24;Y 21; blue)
 Cleaned Element : %!f(string=;X 25;Y 21; blue)
   Found existing color/alias : %!f(string= blue)
   Checking this color : %!f(string=blue)
   Built test string   : %!f(string= blue)
   Adding this color to temp tree: [%!f(string=; blue;R 0;G 0;B 255;T 255)]
-   Count: %!f(int=1)
-   Elapsed : %!f(int=1)
   Found existing color/alias : %!f(string= blue)
   Checking this color : %!f(string=blue)
   Built test string   : %!f(string= blue)
   Adding this color to temp tree: [%!f(string=; blue;R 0;G 0;B 255;T 255)]
-   Count: %!f(int=1)
-   Elapsed : %!f(int=1)
  Creating point : %!f(string=;X 25;Y 21; blue)
 Cleaned Element : %!f(string=;X 26;Y 21; blue)
   Found existing color/alias : %!f(string= blue)
   Checking this color : %!f(string=blue)
   Built test string   : %!f(string= blue)
   Adding this color to temp tree: [%!f(string=; blue;R 0;G 0;B 255;T 255)]
-   Count: %!f(int=1)
-   Elapsed : %!f(int=1)
   Found existing color/alias : %!f(string= blue)
   Checking this color : %!f(string=blue)
   Built test string   : %!f(string= blue)
   Adding this color to temp tree: [%!f(string=; blue;R 0;G 0;B 255;T 255)]
-   Count: %!f(int=1)
-   Elapsed : %!f(int=1)
  Creating point : %!f(string=;X 26;Y 21; blue)
 Cleaned Element : %!f(string=;X 23;Y 22; blue)
   Found existing color/alias : %!f(string= blue)
   Checking this color : %!f(string=blue)
   Built test string   : %!f(string= blue)
   Adding this color to temp tree: [%!f(string=; blue;R 0;G 0;B 255;T 255)]
-   Count: %!f(int=1)
-   Elapsed : %!f(int=1)
   Found existing color/alias : %!f(string= blue)
   Checking this color : %!f(string=blue)
   Built test string   : %!f(string= blue)
   Adding this color to temp tree: [%!f(string=; blue;R 0;G 0;B 255;T 255)]
-   Count: %!f(int=1)
-   Elapsed : %!f(int=1)
  Creating point : %!f(string=;X 23;Y 22; blue)
 Cleaned Element : %!f(string=;X 24;Y 22; blue)
   Found existing color/alias : %!f(string= blue)
   Checking this color : %!f(string=blue)
   Built test string   : %!f(string= blue)
   Adding this color to temp tree: [%!f(string=; blue;R 0;G 0;B 255;T 255)]
-   Count: %!f(int=1)
-   Elapsed : %!f(int=1)
   Found existing color/alias : %!f(string= blue)
   Checking this color : %!f(string=blue)
   Built test string   : %!f(string= blue)
   Adding this color to temp tree: [%!f(string=; blue;R 0;G 0;B 255;T 255)]
-   Count: %!f(int=1)
-   Elapsed : %!f(int=1)
  Creating point : %!f(string=;X 24;Y 22; blue)
 Cleaned Element : %!f(string=;X 25;Y 22; blue)
   Found existing color/alias : %!f(string= blue)
   Checking this color : %!f(string=blue)
   Built test string   : %!f(string= blue)
   Adding this color to temp tree: [%!f(string=; blue;R 0;G 0;B 255;T 255)]
-   Count: %!f(int=1)
-   Elapsed : %!f(int=1)
   Found existing color/alias : %!f(string= blue)
   Checking this color : %!f(string=blue)
   Built test string   : %!f(string= blue)
   Adding this color to temp tree: [%!f(string=; blue;R 0;G 0;B 255;T 255)]
-   Count: %!f(int=1)
-   Elapsed : %!f(int=1)
  Creating point : %!f(string=;X 25;Y 22; blue)
 Cleaned Element : %!f(string=;X 26;Y 22; blue)
   Found existing color/alias : %!f(string= blue)
   Checking this color : %!f(string=blue)
   Built test string   : %!f(string= blue)
   Adding this color to temp tree: [%!f(string=; blue;R 0;G 0;B 255;T 255)]
-   Count: %!f(int=1)
-   Elapsed : %!f(int=1)
   Found existing color/alias : %!f(string= blue)
   Checking this color : %!f(string=blue)
   Built test string   : %!f(string= blue)
   Adding this color to temp tree: [%!f(string=; blue;R 0;G 0;B 255;T 255)]
-   Count: %!f(int=1)
-   Elapsed : %!f(int=1)
  Creating point : %!f(string=;X 26;Y 22; blue)
 Cleaned Element : %!f(string=;X 23;Y 23; blue)
   Found existing color/alias : %!f(string= blue)
   Checking this color : %!f(string=blue)
   Built test string   : %!f(string= blue)
   Adding this color to temp tree: [%!f(string=; blue;R 0;G 0;B 255;T 255)]
-   Count: %!f(int=1)
-   Elapsed : %!f(int=1)
   Found existing color/alias : %!f(string= blue)
   Checking this color : %!f(string=blue)
   Built test string   : %!f(string= blue)
   Adding this color to temp tree: [%!f(string=; blue;R 0;G 0;B 255;T 255)]
-   Count: %!f(int=1)
-   Elapsed : %!f(int=1)
  Creating point : %!f(string=;X 23;Y 23; blue)
 Cleaned Element : %!f(string=;X 24;Y 23; blue)
   Found existing color/alias : %!f(string= blue)
   Checking this color : %!f(string=blue)
   Built test string   : %!f(string= blue)
   Adding this color to temp tree: [%!f(string=; blue;R 0;G 0;B 255;T 255)]
-   Count: %!f(int=1)
-   Elapsed : %!f(int=1)
   Found existing color/alias : %!f(string= blue)
   Checking this color : %!f(string=blue)
   Built test string   : %!f(string= blue)
   Adding this color to temp tree: [%!f(string=; blue;R 0;G 0;B 255;T 255)]
-   Count: %!f(int=1)
-   Elapsed : %!f(int=1)
  Creating point : %!f(string=;X 24;Y 23; blue)
 Cleaned Element : %!f(string=;X 25;Y 23; blue)
   Found existing color/alias : %!f(string= blue)
   Checking this color : %!f(string=blue)
   Built test string   : %!f(string= blue)
   Adding this color to temp tree: [%!f(string=; blue;R 0;G 0;B 255;T 255)]
-   Count: %!f(int=1)
-   Elapsed : %!f(int=1)
   Found existing color/alias : %!f(string= blue)
   Checking this color : %!f(string=blue)
   Built test string   : %!f(string= blue)
   Adding this color to temp tree: [%!f(string=; blue;R 0;G 0;B 255;T 255)]
-   Count: %!f(int=1)
-   Elapsed : %!f(int=1)
  Creating point : %!f(string=;X 25;Y 23; blue)
 Cleaned Element : %!f(string=;X 26;Y 23; blue)
   Found existing color/alias : %!f(string= blue)
   Checking this color : %!f(string=blue)
   Built test string   : %!f(string= blue)
   Adding this color to temp tree: [%!f(string=; blue;R 0;G 0;B 255;T 255)]
-   Count: %!f(int=1)
-   Elapsed : %!f(int=1)
   Found existing color/alias : %!f(string= blue)
   Checking this color : %!f(string=blue)
   Built test string   : %!f(string= blue)
   Adding this color to temp tree: [%!f(string=; blue;R 0;G 0;B 255;T 255)]
-   Count: %!f(int=1)
-   Elapsed : %!f(int=1)
  Creating point : %!f(string=;X 26;Y 23; blue)
 Cleaned Element : %!f(string=;X 23;Y 24; blue)
   Found existing color/alias : %!f(string= blue)
   Checking this color : %!f(string=blue)
   Built test string   : %!f(string= blue)
   Adding this color to temp tree: [%!f(string=; blue;R 0;G 0;B 255;T 255)]
-   Count: %!f(int=1)
-   Elapsed : %!f(int=1)
   Found existing color/alias : %!f(string= blue)
   Checking this color : %!f(string=blue)
   Built test string   : %!f(string= blue)
   Adding this color to temp tree: [%!f(string=; blue;R 0;G 0;B 255;T 255)]
-   Count: %!f(int=1)
-   Elapsed : %!f(int=1)
  Creating point : %!f(string=;X 23;Y 24; blue)
 Cleaned Element : %!f(string=;X 24;Y 24; blue)
   Found existing color/alias : %!f(string= blue)
   Checking this color : %!f(string=blue)
   Built test string   : %!f(string= blue)
   Adding this color to temp tree: [%!f(string=; blue;R 0;G 0;B 255;T 255)]
-   Count: %!f(int=1)
-   Elapsed : %!f(int=1)
   Found existing color/alias : %!f(string= blue)
   Checking this color : %!f(string=blue)
   Built test string   : %!f(string= blue)
   Adding this color to temp tree: [%!f(string=; blue;R 0;G 0;B 255;T 255)]
-   Count: %!f(int=1)
-   Elapsed : %!f(int=1)
  Creating point : %!f(string=;X 24;Y 24; blue)
 Cleaned Element : %!f(string=;X 25;Y 24; blue)
   Found existing color/alias : %!f(string= blue)
   Checking this color : %!f(string=blue)
   Built test string   : %!f(string= blue)
   Adding this color to temp tree: [%!f(string=; blue;R 0;G 0;B 255;T 255)]
-   Count: %!f(int=1)
-   Elapsed : %!f(int=1)
   Found existing color/alias : %!f(string= blue)
   Checking this color : %!f(string=blue)
   Built test string   : %!f(string= blue)
   Adding this color to temp tree: [%!f(string=; blue;R 0;G 0;B 255;T 255)]
-   Count: %!f(int=1)
-   Elapsed : %!f(int=1)
  Creating point : %!f(string=;X 25;Y 24; blue)
 Cleaned Element : %!f(string=;X 26;Y 24; blue)
   Found existing color/alias : %!f(string= blue)
   Checking this color : %!f(string=blue)
   Built test string   : %!f(string= blue)
   Adding this color to temp tree: [%!f(string=; blue;R 0;G 0;B 255;T 255)]
-   Count: %!f(int=1)
-   Elapsed : %!f(int=1)
   Found existing color/alias : %!f(string= blue)
   Checking this color : %!f(string=blue)
   Built test string   : %!f(string= blue)
   Adding this color to temp tree: [%!f(string=; blue;R 0;G 0;B 255;T 255)]
-   Count: %!f(int=1)
-   Elapsed : %!f(int=1)
  Creating point : %!f(string=;X 26;Y 24; blue)
 Cleaned Element : %!f(string=;X 23;Y 25; red blue)
   Found existing color/alias : %!f(string= red)
   No known color/alias : %!f(string= red)
   Checking this color : %!f(string=blue)
   Built test string   : %!f(string= blue)
   Checking this color : %!f(string=red)
   Built test string   : %!f(string= red)
   Adding this color to temp tree: [%!f(string=; blue;R 0;G 0;B 255;T 255) %!f(string=; red;R 255;G 0;B 0;T 255)]
-   Count: %!f(int=1)
-   Elapsed : %!f(int=1)
   Found existing color/alias : %!f(string= red)
   No known color/alias : %!f(string= red)
   Checking this color : %!f(string=blue)
   Built test string   : %!f(string= blue)
   Checking this color : %!f(string=red)
   Built test string   : %!f(string= red)
   Adding this color to temp tree: [%!f(string=; blue;R 0;G 0;B 255;T 255) %!f(string=; red;R 255;G 0;B 0;T 255)]
-   Count: %!f(int=1)
-   Elapsed : %!f(int=1)
  Creating point : %!f(string=;X 23;Y 25; red blue)
 Cleaned Element : %!f(string=;X 24;Y 25; red blue)
   Found existing color/alias : %!f(string= red)
   No known color/alias : %!f(string= red)
   Checking this color : %!f(string=blue)
   Built test string   : %!f(string= blue)
   Checking this color : %!f(string=red)
   Built test string   : %!f(string= red)
   Adding this color to temp tree: [%!f(string=; blue;R 0;G 0;B 255;T 255) %!f(string=; red;R 255;G 0;B 0;T 255)]
-   Count: %!f(int=1)
-   Elapsed : %!f(int=1)
   Found existing color/alias : %!f(string= red)
   No known color/alias : %!f(string= red)
   Checking this color : %!f(string=blue)
   Built test string   : %!f(string= blue)
   Checking this color : %!f(string=red)
   Built test string   : %!f(string= red)
   Adding this color to temp tree: [%!f(string=; blue;R 0;G 0;B 255;T 255) %!f(string=; red;R 255;G 0;B 0;T 255)]
-   Count: %!f(int=1)
-   Elapsed : %!f(int=1)
  Creating point : %!f(string=;X 24;Y 25; red blue)
 Cleaned Element : %!f(string=;X 25;Y 25; red blue)
   Found existing color/alias : %!f(string= red)
   No known color/alias : %!f(string= red)
   Checking this color : %!f(string=blue)
   Built test string   : %!f(string= blue)
   Checking this color : %!f(string=red)
   Built test string   : %!f(string= red)
   Adding this color to temp tree: [%!f(string=; blue;R 0;G 0;B 255;T 255) %!f(string=; red;R 255;G 0;B 0;T 255)]
-   Count: %!f(int=1)
-   Elapsed : %!f(int=1)
   Found existing color/alias : %!f(string= red)
   No known color/alias : %!f(string= red)
   Checking this color : %!f(string=blue)
   Built test string   : %!f(string= blue)
   Checking this color : %!f(string=red)
   Built test string   : %!f(string= red)
   Adding this color to temp tree: [%!f(string=; blue;R 0;G 0;B 255;T 255) %!f(string=; red;R 255;G 0;B 0;T 255)]
-   Count: %!f(int=1)
-   Elapsed : %!f(int=1)
  Creating point : %!f(string=;X 25;Y 25; red blue)
 Cleaned Element : %!f(string=;X 26;Y 25; red blue)
   Found existing color/alias : %!f(string= red)
   No known color/alias : %!f(string= red)
   Checking this color : %!f(string=blue)
   Built test string   : %!f(string= blue)
   Checking this color : %!f(string=red)
   Built test string   : %!f(string= red)
   Adding this color to temp tree: [%!f(string=; blue;R 0;G 0;B 255;T 255) %!f(string=; red;R 255;G 0;B 0;T 255)]
-   Count: %!f(int=1)
-   Elapsed : %!f(int=1)
   Found existing color/alias : %!f(string= red)
   No known color/alias : %!f(string= red)
   Checking this color : %!f(string=blue)
   Built test string   : %!f(string= blue)
   Checking this color : %!f(string=red)
   Built test string   : %!f(string= red)
   Adding this color to temp tree: [%!f(string=; blue;R 0;G 0;B 255;T 255) %!f(string=; red;R 255;G 0;B 0;T 255)]
-   Count: %!f(int=1)
-   Elapsed : %!f(int=1)
  Creating point : %!f(string=;X 26;Y 25; red blue)
 Cleaned Element : %!f(string=;X 23;Y 26; red blue)
   Found existing color/alias : %!f(string= red)
   No known color/alias : %!f(string= red)
   Checking this color : %!f(string=blue)
   Built test string   : %!f(string= blue)
   Checking this color : %!f(string=red)
   Built test string   : %!f(string= red)
   Adding this color to temp tree: [%!f(string=; blue;R 0;G 0;B 255;T 255) %!f(string=; red;R 255;G 0;B 0;T 255)]
-   Count: %!f(int=1)
-   Elapsed : %!f(int=1)
   Found existing color/alias : %!f(string= red)
   No known color/alias : %!f(string= red)
   Checking this color : %!f(string=blue)
   Built test string   : %!f(string= blue)
   Checking this color : %!f(string=red)
   Built test string   : %!f(string= red)
   Adding this color to temp tree: [%!f(string=; blue;R 0;G 0;B 255;T 255) %!f(string=; red;R 255;G 0;B 0;T 255)]
-   Count: %!f(int=1)
-   Elapsed : %!f(int=1)
  Creating point : %!f(string=;X 23;Y 26; red blue)
 Cleaned Element : %!f(string=;X 24;Y 26; red blue)
   Found existing color/alias : %!f(string= red)
   No known color/alias : %!f(string= red)
   Checking this color : %!f(string=blue)
   Built test string   : %!f(string= blue)
   Checking this color : %!f(string=red)
   Built test string   : %!f(string= red)
   Adding this color to temp tree: [%!f(string=; blue;R 0;G 0;B 255;T 255) %!f(string=; red;R 255;G 0;B 0;T 255)]
-   Count: %!f(int=1)
-   Elapsed : %!f(int=1)
   Found existing color/alias : %!f(string= red)
   No known color/alias : %!f(string= red)
   Checking this color : %!f(string=blue)
   Built test string   : %!f(string= blue)
   Checking this color : %!f(string=red)
   Built test string   : %!f(string= red)
   Adding this color to temp tree: [%!f(string=; blue;R 0;G 0;B 255;T 255) %!f(string=; red;R 255;G 0;B 0;T 255)]
-   Count: %!f(int=1)
-   Elapsed : %!f(int=1)
  Creating point : %!f(string=;X 24;Y 26; red blue)
 Cleaned Element : %!f(string=;X 25;Y 26; red blue)
   Found existing color/alias : %!f(string= red)
   No known color/alias : %!f(string= red)
   Checking this color : %!f(string=blue)
   Built test string   : %!f(string= blue)
   Checking this color : %!f(string=red)
   Built test string   : %!f(string= red)
   Adding this color to temp tree: [%!f(string=; blue;R 0;G 0;B 255;T 255) %!f(string=; red;R 255;G 0;B 0;T 255)]
-   Count: %!f(int=1)
-   Elapsed : %!f(int=1)
   Found existing color/alias : %!f(string= red)
   No known color/alias : %!f(string= red)
   Checking this color : %!f(string=blue)
   Built test string   : %!f(string= blue)
   Checking this color : %!f(string=red)
   Built test string   : %!f(string= red)
   Adding this color to temp tree: [%!f(string=; blue;R 0;G 0;B 255;T 255) %!f(string=; red;R 255;G 0;B 0;T 255)]
-   Count: %!f(int=1)
-   Elapsed : %!f(int=1)
  Creating point : %!f(string=;X 25;Y 26; red blue)
 Cleaned Element : %!f(string=;X 26;Y 26; red blue)
   Found existing color/alias : %!f(string= red)
   No known color/alias : %!f(string= red)
   Checking this color : %!f(string=blue)
   Built test string   : %!f(string= blue)
   Checking this color : %!f(string=red)
   Built test string   : %!f(string= red)
   Adding this color to temp tree: [%!f(string=; blue;R 0;G 0;B 255;T 255) %!f(string=; red;R 255;G 0;B 0;T 255)]
-   Count: %!f(int=1)
-   Elapsed : %!f(int=1)
   Found existing color/alias : %!f(string= red)
   No known color/alias : %!f(string= red)
   Checking this color : %!f(string=blue)
   Built test string   : %!f(string= blue)
   Checking this color : %!f(string=red)
   Built test string   : %!f(string= red)
   Adding this color to temp tree: [%!f(string=; blue;R 0;G 0;B 255;T 255) %!f(string=; red;R 255;G 0;B 0;T 255)]
-   Count: %!f(int=1)
-   Elapsed : %!f(int=1)
  Creating point : %!f(string=;X 26;Y 26; red blue)
 Cleaned Element : %!f(string=;X 23;Y 27; red blue)
   Found existing color/alias : %!f(string= red)
   No known color/alias : %!f(string= red)
   Checking this color : %!f(string=blue)
   Built test string   : %!f(string= blue)
   Checking this color : %!f(string=red)
   Built test string   : %!f(string= red)
   Adding this color to temp tree: [%!f(string=; blue;R 0;G 0;B 255;T 255) %!f(string=; red;R 255;G 0;B 0;T 255)]
-   Count: %!f(int=1)
-   Elapsed : %!f(int=1)
   Found existing color/alias : %!f(string= red)
   No known color/alias : %!f(string= red)
   Checking this color : %!f(string=blue)
   Built test string   : %!f(string= blue)
   Checking this color : %!f(string=red)
   Built test string   : %!f(string= red)
   Adding this color to temp tree: [%!f(string=; blue;R 0;G 0;B 255;T 255) %!f(string=; red;R 255;G 0;B 0;T 255)]
-   Count: %!f(int=1)
-   Elapsed : %!f(int=1)
  Creating point : %!f(string=;X 23;Y 27; red blue)
 Cleaned Element : %!f(string=;X 24;Y 27; red blue)
   Found existing color/alias : %!f(string= red)
   No known color/alias : %!f(string= red)
   Checking this color : %!f(string=blue)
   Built test string   : %!f(string= blue)
   Checking this color : %!f(string=red)
   Built test string   : %!f(string= red)
   Adding this color to temp tree: [%!f(string=; blue;R 0;G 0;B 255;T 255) %!f(string=; red;R 255;G 0;B 0;T 255)]
-   Count: %!f(int=1)
-   Elapsed : %!f(int=1)
   Found existing color/alias : %!f(string= red)
   No known color/alias : %!f(string= red)
   Checking this color : %!f(string=blue)
   Built test string   : %!f(string= blue)
   Checking this color : %!f(string=red)
   Built test string   : %!f(string= red)
   Adding this color to temp tree: [%!f(string=; blue;R 0;G 0;B 255;T 255) %!f(string=; red;R 255;G 0;B 0;T 255)]
-   Count: %!f(int=1)
-   Elapsed : %!f(int=1)
  Creating point : %!f(string=;X 24;Y 27; red blue)
 Cleaned Element : %!f(string=;X 25;Y 27; red blue)
   Found existing color/alias : %!f(string= red)
   No known color/alias : %!f(string= red)
   Checking this color : %!f(string=blue)
   Built test string   : %!f(string= blue)
   Checking this color : %!f(string=red)
   Built test string   : %!f(string= red)
   Adding this color to temp tree: [%!f(string=; blue;R 0;G 0;B 255;T 255) %!f(string=; red;R 255;G 0;B 0;T 255)]
-   Count: %!f(int=1)
-   Elapsed : %!f(int=1)
   Found existing color/alias : %!f(string= red)
   No known color/alias : %!f(string= red)
   Checking this color : %!f(string=blue)
   Built test string   : %!f(string= blue)
   Checking this color : %!f(string=red)
   Built test string   : %!f(string= red)
   Adding this color to temp tree: [%!f(string=; blue;R 0;G 0;B 255;T 255) %!f(string=; red;R 255;G 0;B 0;T 255)]
-   Count: %!f(int=1)
-   Elapsed : %!f(int=1)
  Creating point : %!f(string=;X 25;Y 27; red blue)
 Cleaned Element : %!f(string=;X 26;Y 27; red blue)
   Found existing color/alias : %!f(string= red)
   No known color/alias : %!f(string= red)
   Checking this color : %!f(string=blue)
   Built test string   : %!f(string= blue)
   Checking this color : %!f(string=red)
   Built test string   : %!f(string= red)
   Adding this color to temp tree: [%!f(string=; blue;R 0;G 0;B 255;T 255) %!f(string=; red;R 255;G 0;B 0;T 255)]
-   Count: %!f(int=1)
-   Elapsed : %!f(int=1)
   Found existing color/alias : %!f(string= red)
   No known color/alias : %!f(string= red)
   Checking this color : %!f(string=blue)
   Built test string   : %!f(string= blue)
   Checking this color : %!f(string=red)
   Built test string   : %!f(string= red)
   Adding this color to temp tree: [%!f(string=; blue;R 0;G 0;B 255;T 255) %!f(string=; red;R 255;G 0;B 0;T 255)]
-   Count: %!f(int=1)
-   Elapsed : %!f(int=1)
  Creating point : %!f(string=;X 26;Y 27; red blue)
 Cleaned Element : %!f(string=;X 23;Y 28; red blue)
   Found existing color/alias : %!f(string= red)
   No known color/alias : %!f(string= red)
   Checking this color : %!f(string=blue)
   Built test string   : %!f(string= blue)
   Checking this color : %!f(string=red)
   Built test string   : %!f(string= red)
   Adding this color to temp tree: [%!f(string=; blue;R 0;G 0;B 255;T 255) %!f(string=; red;R 255;G 0;B 0;T 255)]
-   Count: %!f(int=1)
-   Elapsed : %!f(int=1)
   Found existing color/alias : %!f(string= red)
   No known color/alias : %!f(string= red)
   Checking this color : %!f(string=blue)
   Built test string   : %!f(string= blue)
   Checking this color : %!f(string=red)
   Built test string   : %!f(string= red)
   Adding this color to temp tree: [%!f(string=; blue;R 0;G 0;B 255;T 255) %!f(string=; red;R 255;G 0;B 0;T 255)]
-   Count: %!f(int=1)
-   Elapsed : %!f(int=1)
  Creating point : %!f(string=;X 23;Y 28; red blue)
 Cleaned Element : %!f(string=;X 24;Y 28; red blue)
   Found existing color/alias : %!f(string= red)
   No known color/alias : %!f(string= red)
   Checking this color : %!f(string=blue)
   Built test string   : %!f(string= blue)
   Checking this color : %!f(string=red)
   Built test string   : %!f(string= red)
   Adding this color to temp tree: [%!f(string=; blue;R 0;G 0;B 255;T 255) %!f(string=; red;R 255;G 0;B 0;T 255)]
-   Count: %!f(int=1)
-   Elapsed : %!f(int=1)
   Found existing color/alias : %!f(string= red)
   No known color/alias : %!f(string= red)
   Checking this color : %!f(string=blue)
   Built test string   : %!f(string= blue)
   Checking this color : %!f(string=red)
   Built test string   : %!f(string= red)
   Adding this color to temp tree: [%!f(string=; blue;R 0;G 0;B 255;T 255) %!f(string=; red;R 255;G 0;B 0;T 255)]
-   Count: %!f(int=1)
-   Elapsed : %!f(int=1)
  Creating point : %!f(string=;X 24;Y 28; red blue)
 Cleaned Element : %!f(string=;X 25;Y 28; red blue)
   Found existing color/alias : %!f(string= red)
   No known color/alias : %!f(string= red)
   Checking this color : %!f(string=blue)
   Built test string   : %!f(string= blue)
   Checking this color : %!f(string=red)
   Built test string   : %!f(string= red)
   Adding this color to temp tree: [%!f(string=; blue;R 0;G 0;B 255;T 255) %!f(string=; red;R 255;G 0;B 0;T 255)]
-   Count: %!f(int=1)
-   Elapsed : %!f(int=1)
   Found existing color/alias : %!f(string= red)
   No known color/alias : %!f(string= red)
   Checking this color : %!f(string=blue)
   Built test string   : %!f(string= blue)
   Checking this color : %!f(string=red)
   Built test string   : %!f(string= red)
   Adding this color to temp tree: [%!f(string=; blue;R 0;G 0;B 255;T 255) %!f(string=; red;R 255;G 0;B 0;T 255)]
-   Count: %!f(int=1)
-   Elapsed : %!f(int=1)
  Creating point : %!f(string=;X 25;Y 28; red blue)
 Cleaned Element : %!f(string=;X 26;Y 28; red blue)
   Found existing color/alias : %!f(string= red)
   No known color/alias : %!f(string= red)
   Checking this color : %!f(string=blue)
   Built test string   : %!f(string= blue)
   Checking this color : %!f(string=red)
   Built test string   : %!f(string= red)
   Adding this color to temp tree: [%!f(string=; blue;R 0;G 0;B 255;T 255) %!f(string=; red;R 255;G 0;B 0;T 255)]
-   Count: %!f(int=1)
-   Elapsed : %!f(int=1)
   Found existing color/alias : %!f(string= red)
   No known color/alias : %!f(string= red)
   Checking this color : %!f(string=blue)
   Built test string   : %!f(string= blue)
   Checking this color : %!f(string=red)
   Built test string   : %!f(string= red)
   Adding this color to temp tree: [%!f(string=; blue;R 0;G 0;B 255;T 255) %!f(string=; red;R 255;G 0;B 0;T 255)]
-   Count: %!f(int=1)
-   Elapsed : %!f(int=1)
  Creating point : %!f(string=;X 26;Y 28; red blue)
Saving PNG file : %!f(string=arms.png)
